ARM Linker, 4.1 [Build 894] [Professional (MDK + RL-ARM)]

==============================================================================

Section Cross References

    misc.o(i.NVIC_Init) refers to bsp.o(i.assert_failed) for assert_failed
    misc.o(i.NVIC_PriorityGroupConfig) refers to bsp.o(i.assert_failed) for assert_failed
    misc.o(i.NVIC_SetVectorTable) refers to bsp.o(i.assert_failed) for assert_failed
    misc.o(i.NVIC_SystemLPConfig) refers to bsp.o(i.assert_failed) for assert_failed
    misc.o(i.SysTick_CLKSourceConfig) refers to bsp.o(i.assert_failed) for assert_failed
    stm32f10x_rcc.o(i.RCC_ADCCLKConfig) refers to bsp.o(i.assert_failed) for assert_failed
    stm32f10x_rcc.o(i.RCC_AHBPeriphClockCmd) refers to bsp.o(i.assert_failed) for assert_failed
    stm32f10x_rcc.o(i.RCC_APB1PeriphClockCmd) refers to bsp.o(i.assert_failed) for assert_failed
    stm32f10x_rcc.o(i.RCC_APB1PeriphResetCmd) refers to bsp.o(i.assert_failed) for assert_failed
    stm32f10x_rcc.o(i.RCC_APB2PeriphClockCmd) refers to bsp.o(i.assert_failed) for assert_failed
    stm32f10x_rcc.o(i.RCC_APB2PeriphResetCmd) refers to bsp.o(i.assert_failed) for assert_failed
    stm32f10x_rcc.o(i.RCC_AdjustHSICalibrationValue) refers to bsp.o(i.assert_failed) for assert_failed
    stm32f10x_rcc.o(i.RCC_BackupResetCmd) refers to bsp.o(i.assert_failed) for assert_failed
    stm32f10x_rcc.o(i.RCC_ClearITPendingBit) refers to bsp.o(i.assert_failed) for assert_failed
    stm32f10x_rcc.o(i.RCC_ClockSecuritySystemCmd) refers to bsp.o(i.assert_failed) for assert_failed
    stm32f10x_rcc.o(i.RCC_GetClocksFreq) refers to stm32f10x_rcc.o(.data) for .data
    stm32f10x_rcc.o(i.RCC_GetFlagStatus) refers to bsp.o(i.assert_failed) for assert_failed
    stm32f10x_rcc.o(i.RCC_GetITStatus) refers to bsp.o(i.assert_failed) for assert_failed
    stm32f10x_rcc.o(i.RCC_HCLKConfig) refers to bsp.o(i.assert_failed) for assert_failed
    stm32f10x_rcc.o(i.RCC_HSEConfig) refers to bsp.o(i.assert_failed) for assert_failed
    stm32f10x_rcc.o(i.RCC_HSICmd) refers to bsp.o(i.assert_failed) for assert_failed
    stm32f10x_rcc.o(i.RCC_ITConfig) refers to bsp.o(i.assert_failed) for assert_failed
    stm32f10x_rcc.o(i.RCC_LSEConfig) refers to bsp.o(i.assert_failed) for assert_failed
    stm32f10x_rcc.o(i.RCC_LSICmd) refers to bsp.o(i.assert_failed) for assert_failed
    stm32f10x_rcc.o(i.RCC_MCOConfig) refers to bsp.o(i.assert_failed) for assert_failed
    stm32f10x_rcc.o(i.RCC_PCLK1Config) refers to bsp.o(i.assert_failed) for assert_failed
    stm32f10x_rcc.o(i.RCC_PCLK2Config) refers to bsp.o(i.assert_failed) for assert_failed
    stm32f10x_rcc.o(i.RCC_PLLCmd) refers to bsp.o(i.assert_failed) for assert_failed
    stm32f10x_rcc.o(i.RCC_PLLConfig) refers to bsp.o(i.assert_failed) for assert_failed
    stm32f10x_rcc.o(i.RCC_RTCCLKCmd) refers to bsp.o(i.assert_failed) for assert_failed
    stm32f10x_rcc.o(i.RCC_RTCCLKConfig) refers to bsp.o(i.assert_failed) for assert_failed
    stm32f10x_rcc.o(i.RCC_SYSCLKConfig) refers to bsp.o(i.assert_failed) for assert_failed
    stm32f10x_rcc.o(i.RCC_USBCLKConfig) refers to bsp.o(i.assert_failed) for assert_failed
    stm32f10x_rcc.o(i.RCC_WaitForHSEStartUp) refers to stm32f10x_rcc.o(i.RCC_GetFlagStatus) for RCC_GetFlagStatus
    stm32f10x_gpio.o(i.GPIO_AFIODeInit) refers to stm32f10x_rcc.o(i.RCC_APB2PeriphResetCmd) for RCC_APB2PeriphResetCmd
    stm32f10x_gpio.o(i.GPIO_DeInit) refers to bsp.o(i.assert_failed) for assert_failed
    stm32f10x_gpio.o(i.GPIO_DeInit) refers to stm32f10x_rcc.o(i.RCC_APB2PeriphResetCmd) for RCC_APB2PeriphResetCmd
    stm32f10x_gpio.o(i.GPIO_ETH_MediaInterfaceConfig) refers to bsp.o(i.assert_failed) for assert_failed
    stm32f10x_gpio.o(i.GPIO_EXTILineConfig) refers to bsp.o(i.assert_failed) for assert_failed
    stm32f10x_gpio.o(i.GPIO_EventOutputCmd) refers to bsp.o(i.assert_failed) for assert_failed
    stm32f10x_gpio.o(i.GPIO_EventOutputConfig) refers to bsp.o(i.assert_failed) for assert_failed
    stm32f10x_gpio.o(i.GPIO_Init) refers to bsp.o(i.assert_failed) for assert_failed
    stm32f10x_gpio.o(i.GPIO_PinLockConfig) refers to bsp.o(i.assert_failed) for assert_failed
    stm32f10x_gpio.o(i.GPIO_PinRemapConfig) refers to bsp.o(i.assert_failed) for assert_failed
    stm32f10x_gpio.o(i.GPIO_ReadInputData) refers to bsp.o(i.assert_failed) for assert_failed
    stm32f10x_gpio.o(i.GPIO_ReadInputDataBit) refers to bsp.o(i.assert_failed) for assert_failed
    stm32f10x_gpio.o(i.GPIO_ReadOutputData) refers to bsp.o(i.assert_failed) for assert_failed
    stm32f10x_gpio.o(i.GPIO_ReadOutputDataBit) refers to bsp.o(i.assert_failed) for assert_failed
    stm32f10x_gpio.o(i.GPIO_ResetBits) refers to bsp.o(i.assert_failed) for assert_failed
    stm32f10x_gpio.o(i.GPIO_SetBits) refers to bsp.o(i.assert_failed) for assert_failed
    stm32f10x_gpio.o(i.GPIO_Write) refers to bsp.o(i.assert_failed) for assert_failed
    stm32f10x_gpio.o(i.GPIO_WriteBit) refers to bsp.o(i.assert_failed) for assert_failed
[...]
    Removing stm32f10x_rcc.o(i.RCC_PLLCmd), (64 bytes).
    Removing stm32f10x_rcc.o(i.RCC_PLLConfig), (180 bytes).
    Removing stm32f10x_rcc.o(i.RCC_RTCCLKCmd), (64 bytes).
    Removing stm32f10x_rcc.o(i.RCC_RTCCLKConfig), (80 bytes).
    Removing stm32f10x_rcc.o(i.RCC_SYSCLKConfig), (76 bytes).
    Removing stm32f10x_rcc.o(i.RCC_USBCLKConfig), (64 bytes).
    Removing stm32f10x_rcc.o(i.RCC_WaitForHSEStartUp), (38 bytes).
    Removing stm32f10x_rcc.o(.data), (20 bytes).
    Removing stm32f10x_gpio.o(i.GPIO_AFIODeInit), (22 bytes).
    Removing stm32f10x_gpio.o(i.GPIO_DeInit), (264 bytes).
    Removing stm32f10x_gpio.o(i.GPIO_ETH_MediaInterfaceConfig), (64 bytes).
    Removing stm32f10x_gpio.o(i.GPIO_EXTILineConfig), (184 bytes).
    Removing stm32f10x_gpio.o(i.GPIO_EventOutputCmd), (64 bytes).
    Removing stm32f10x_gpio.o(i.GPIO_EventOutputConfig), (164 bytes).
    Removing stm32f10x_gpio.o(i.GPIO_Init), (348 bytes).
    Removing stm32f10x_gpio.o(i.GPIO_PinLockConfig), (148 bytes).
    Removing stm32f10x_gpio.o(i.GPIO_PinRemapConfig), (484 bytes).
    Removing stm32f10x_gpio.o(i.GPIO_ReadInputData), (124 bytes).
    Removing stm32f10x_gpio.o(i.GPIO_ReadInputDataBit), (224 bytes).
    Removing stm32f10x_gpio.o(i.GPIO_ReadOutputData), (124 bytes).
    Removing stm32f10x_gpio.o(i.GPIO_ReadOutputDataBit), (224 bytes).
    Removing stm32f10x_gpio.o(i.GPIO_ResetBits), (136 bytes).
    Removing stm32f10x_gpio.o(i.GPIO_SetBits), (136 bytes).
    Removing stm32f10x_gpio.o(i.GPIO_StructInit), (16 bytes).
    Removing stm32f10x_gpio.o(i.GPIO_Write), (124 bytes).
    Removing stm32f10x_gpio.o(i.GPIO_WriteBit), (236 bytes).
    Removing stm32f10x_fsmc.o(i.FSMC_ClearFlag), (124 bytes).
    Removing stm32f10x_fsmc.o(i.FSMC_ClearITPendingBit), (128 bytes).
    Removing stm32f10x_fsmc.o(i.FSMC_GetECC), (18 bytes).
    Removing stm32f10x_fsmc.o(i.FSMC_GetFlagStatus), (136 bytes).
    Removing stm32f10x_fsmc.o(i.FSMC_GetITStatus), (136 bytes).
    Removing stm32f10x_fsmc.o(i.FSMC_ITConfig), (184 bytes).
    Removing stm32f10x_fsmc.o(i.FSMC_NANDCmd), (128 bytes).
    Removing stm32f10x_fsmc.o(i.FSMC_NANDDeInit), (92 bytes).
    Removing stm32f10x_fsmc.o(i.FSMC_NANDECCCmd), (128 bytes).
    Removing stm32f10x_fsmc.o(i.FSMC_NANDInit), (436 bytes).
    Removing stm32f10x_fsmc.o(i.FSMC_NANDStructInit), (54 bytes).
    Removing stm32f10x_fsmc.o(i.FSMC_NORSRAMCmd), (108 bytes).
    Removing stm32f10x_fsmc.o(i.FSMC_NORSRAMDeInit), (92 bytes).
    Removing stm32f10x_fsmc.o(i.FSMC_NORSRAMInit), (712 bytes).
    Removing stm32f10x_fsmc.o(i.FSMC_NORSRAMStructInit), (98 bytes).
    Removing stm32f10x_fsmc.o(i.FSMC_PCCARDCmd), (80 bytes).
    Removing stm32f10x_fsmc.o(i.FSMC_PCCARDDeInit), (28 bytes).
    Removing stm32f10x_fsmc.o(i.FSMC_PCCARDInit), (416 bytes).
    Removing stm32f10x_fsmc.o(i.FSMC_PCCARDStructInit), (60 bytes).
    Removing stm32f10x_usart.o(i.USART_ClearITPendingBit), (188 bytes).
    Removing stm32f10x_usart.o(i.USART_ClockInit), (192 bytes).
    Removing stm32f10x_usart.o(i.USART_ClockStructInit), (12 bytes).
    Removing stm32f10x_usart.o(i.USART_Cmd), (136 bytes).
    Removing stm32f10x_usart.o(i.USART_DMACmd), (152 bytes).
    Removing stm32f10x_usart.o(i.USART_DeInit), (192 bytes).
    Removing stm32f10x_usart.o(i.USART_GetFlagStatus), (196 bytes).
    Removing stm32f10x_usart.o(i.USART_HalfDuplexCmd), (136 bytes).
    Removing stm32f10x_usart.o(i.USART_Init), (440 bytes).
    Removing stm32f10x_usart.o(i.USART_IrDACmd), (136 bytes).
    Removing stm32f10x_usart.o(i.USART_IrDAConfig), (136 bytes).
    Removing stm32f10x_usart.o(i.USART_LINBreakDetectLengthConfig), (136 bytes).
    Removing stm32f10x_usart.o(i.USART_LINCmd), (136 bytes).
    Removing stm32f10x_usart.o(i.USART_OneBitMethodCmd), (136 bytes).
    Removing stm32f10x_usart.o(i.USART_OverSampling8Cmd), (136 bytes).
    Removing stm32f10x_usart.o(i.USART_ReceiverWakeUpCmd), (136 bytes).
    Removing stm32f10x_usart.o(i.USART_SendBreak), (112 bytes).
    Removing stm32f10x_usart.o(i.USART_SetAddress), (132 bytes).
    Removing stm32f10x_usart.o(i.USART_SetGuardTime), (100 bytes).
    Removing stm32f10x_usart.o(i.USART_SetPrescaler), (120 bytes).
    Removing stm32f10x_usart.o(i.USART_SmartCardCmd), (116 bytes).
    Removing stm32f10x_usart.o(i.USART_SmartCardNACKCmd), (116 bytes).
    Removing stm32f10x_usart.o(i.USART_StructInit), (22 bytes).
    Removing stm32f10x_usart.o(i.USART_WakeUpConfig), (136 bytes).
    Removing stm32f10x_tim.o(i.TI1_Config), (104 bytes).
    Removing stm32f10x_tim.o(i.TI2_Config), (120 bytes).
    Removing stm32f10x_tim.o(i.TIM_ARRPreloadConfig), (248 bytes).
    Removing stm32f10x_tim.o(i.TIM_BDTRConfig), (264 bytes).
    Removing stm32f10x_tim.o(i.TIM_BDTRStructInit), (18 bytes).
    Removing stm32f10x_tim.o(i.TIM_CCPreloadControl), (148 bytes).
    Removing stm32f10x_tim.o(i.TIM_CCxCmd), (256 bytes).
    Removing stm32f10x_tim.o(i.TIM_CCxNCmd), (156 bytes).
    Removing stm32f10x_tim.o(i.TIM_ClearFlag), (240 bytes).
    Removing stm32f10x_tim.o(i.TIM_ClearITPendingBit), (236 bytes).
    Removing stm32f10x_tim.o(i.TIM_ClearOC1Ref), (132 bytes).
    Removing stm32f10x_tim.o(i.TIM_ClearOC2Ref), (136 bytes).
    Removing stm32f10x_tim.o(i.TIM_ClearOC3Ref), (132 bytes).
    Removing stm32f10x_tim.o(i.TIM_ClearOC4Ref), (136 bytes).
    Removing stm32f10x_tim.o(i.TIM_Cmd), (248 bytes).
    Removing stm32f10x_tim.o(i.TIM_CounterModeConfig), (144 bytes).
    Removing stm32f10x_tim.o(i.TIM_CtrlPWMOutputs), (136 bytes).
    Removing stm32f10x_tim.o(i.TIM_DMACmd), (204 bytes).
    Removing stm32f10x_tim.o(i.TIM_DMAConfig), (344 bytes).
    Removing stm32f10x_tim.o(i.TIM_DeInit), (512 bytes).
    Removing stm32f10x_tim.o(i.TIM_ETRClockMode1Config), (196 bytes).
    Removing stm32f10x_tim.o(i.TIM_ETRClockMode2Config), (196 bytes).
    Removing stm32f10x_tim.o(i.TIM_ETRConfig), (192 bytes).
    Removing stm32f10x_tim.o(i.TIM_EncoderInterfaceConfig), (220 bytes).
    Removing stm32f10x_tim.o(i.TIM_ForcedOC1Config), (224 bytes).
    Removing stm32f10x_tim.o(i.TIM_ForcedOC2Config), (168 bytes).
    Removing stm32f10x_tim.o(i.TIM_ForcedOC3Config), (136 bytes).
    Removing stm32f10x_tim.o(i.TIM_ForcedOC4Config), (136 bytes).
    Removing stm32f10x_tim.o(i.TIM_GenerateEvent), (236 bytes).
    Removing stm32f10x_tim.o(i.TIM_GetCapture1), (196 bytes).
    Removing stm32f10x_tim.o(i.TIM_GetCapture2), (136 bytes).
    Removing stm32f10x_tim.o(i.TIM_GetCapture3), (108 bytes).
    Removing stm32f10x_tim.o(i.TIM_GetCapture4), (108 bytes).
    Removing stm32f10x_tim.o(i.TIM_GetCounter), (216 bytes).
    Removing stm32f10x_tim.o(i.TIM_GetFlagStatus), (296 bytes).
    Removing stm32f10x_tim.o(i.TIM_GetITStatus), (280 bytes).
    Removing stm32f10x_tim.o(i.TIM_GetPrescaler), (216 bytes).
    Removing stm32f10x_tim.o(i.TIM_ICInit), (776 bytes).
    Removing stm32f10x_tim.o(i.TIM_ICStructInit), (16 bytes).
    Removing stm32f10x_tim.o(i.TIM_ITConfig), (264 bytes).
    Removing stm32f10x_tim.o(i.TIM_ITRxExternalClockConfig), (176 bytes).
    Removing stm32f10x_tim.o(i.TIM_InternalClockConfig), (144 bytes).
    Removing stm32f10x_tim.o(i.TIM_OC1FastConfig), (224 bytes).
    Removing stm32f10x_tim.o(i.TIM_OC1Init), (452 bytes).
    Removing stm32f10x_tim.o(i.TIM_OC1NPolarityConfig), (128 bytes).
    Removing stm32f10x_tim.o(i.TIM_OC1PolarityConfig), (224 bytes).
    Removing stm32f10x_tim.o(i.TIM_OC1PreloadConfig), (224 bytes).
    Removing stm32f10x_tim.o(i.TIM_OC2FastConfig), (164 bytes).
    Removing stm32f10x_tim.o(i.TIM_OC2Init), (400 bytes).
    Removing stm32f10x_tim.o(i.TIM_OC2NPolarityConfig), (100 bytes).
    Removing stm32f10x_tim.o(i.TIM_OC2PolarityConfig), (164 bytes).
    Removing stm32f10x_tim.o(i.TIM_OC2PreloadConfig), (164 bytes).
    Removing stm32f10x_tim.o(i.TIM_OC3FastConfig), (132 bytes).
    Removing stm32f10x_tim.o(i.TIM_OC3Init), (368 bytes).
    Removing stm32f10x_tim.o(i.TIM_OC3NPolarityConfig), (100 bytes).
    Removing stm32f10x_tim.o(i.TIM_OC3PolarityConfig), (136 bytes).
    Removing stm32f10x_tim.o(i.TIM_OC3PreloadConfig), (132 bytes).
    Removing stm32f10x_tim.o(i.TIM_OC4FastConfig), (136 bytes).
    Removing stm32f10x_tim.o(i.TIM_OC4Init), (284 bytes).
    Removing stm32f10x_tim.o(i.TIM_OC4PolarityConfig), (136 bytes).
    Removing stm32f10x_tim.o(i.TIM_OC4PreloadConfig), (136 bytes).
    Removing stm32f10x_tim.o(i.TIM_OCStructInit), (20 bytes).
    Removing stm32f10x_tim.o(i.TIM_PWMIConfig), (236 bytes).
    Removing stm32f10x_tim.o(i.TIM_PrescalerConfig), (240 bytes).
    Removing stm32f10x_tim.o(i.TIM_SelectCCDMA), (168 bytes).
    Removing stm32f10x_tim.o(i.TIM_SelectCOM), (132 bytes).
    Removing stm32f10x_tim.o(i.TIM_SelectHallSensor), (168 bytes).
    Removing stm32f10x_tim.o(i.TIM_SelectInputTrigger), (188 bytes).
    Removing stm32f10x_tim.o(i.TIM_SelectMasterSlaveMode), (168 bytes).
    Removing stm32f10x_tim.o(i.TIM_SelectOCxM), (328 bytes).
    Removing stm32f10x_tim.o(i.TIM_SelectOnePulseMode), (248 bytes).
    Removing stm32f10x_tim.o(i.TIM_SelectOutputTrigger), (212 bytes).
    Removing stm32f10x_tim.o(i.TIM_SelectSlaveMode), (176 bytes).
    Removing stm32f10x_tim.o(i.TIM_SetAutoreload), (220 bytes).
    Removing stm32f10x_tim.o(i.TIM_SetClockDivision), (236 bytes).
    Removing stm32f10x_tim.o(i.TIM_SetCompare1), (200 bytes).
    Removing stm32f10x_tim.o(i.TIM_SetCompare2), (140 bytes).
    Removing stm32f10x_tim.o(i.TIM_SetCompare3), (108 bytes).
    Removing stm32f10x_tim.o(i.TIM_SetCompare4), (112 bytes).
    Removing stm32f10x_tim.o(i.TIM_SetCounter), (220 bytes).
    Removing stm32f10x_tim.o(i.TIM_SetIC1Prescaler), (236 bytes).
    Removing stm32f10x_tim.o(i.TIM_SetIC2Prescaler), (176 bytes).
    Removing stm32f10x_tim.o(i.TIM_SetIC3Prescaler), (144 bytes).
    Removing stm32f10x_tim.o(i.TIM_SetIC4Prescaler), (148 bytes).
    Removing stm32f10x_tim.o(i.TIM_TIxExternalClockConfig), (236 bytes).
    Removing stm32f10x_tim.o(i.TIM_TimeBaseInit), (376 bytes).
    Removing stm32f10x_tim.o(i.TIM_TimeBaseStructInit), (18 bytes).
    Removing stm32f10x_tim.o(i.TIM_UpdateDisableConfig), (248 bytes).
    Removing stm32f10x_tim.o(i.TIM_UpdateRequestConfig), (248 bytes).
    Removing stm32f10x_pwr.o(i.PWR_BackupAccessCmd), (60 bytes).
    Removing stm32f10x_pwr.o(i.PWR_ClearFlag), (72 bytes).
    Removing stm32f10x_pwr.o(i.PWR_DeInit), (24 bytes).
    Removing stm32f10x_pwr.o(i.PWR_EnterSTANDBYMode), (40 bytes).
    Removing stm32f10x_pwr.o(i.PWR_EnterSTOPMode), (120 bytes).
    Removing stm32f10x_pwr.o(i.PWR_GetFlagStatus), (80 bytes).
    Removing stm32f10x_pwr.o(i.PWR_PVDCmd), (60 bytes).
    Removing stm32f10x_pwr.o(i.PWR_PVDLevelConfig), (92 bytes).
    Removing stm32f10x_pwr.o(i.PWR_WakeUpPinCmd), (60 bytes).
    Removing stm32f10x_flash.o(i.FLASH_ClearFlag), (68 bytes).
    Removing stm32f10x_flash.o(i.FLASH_EnableWriteProtection), (224 bytes).
    Removing stm32f10x_flash.o(i.FLASH_EraseAllBank1Pages), (56 bytes).
    Removing stm32f10x_flash.o(i.FLASH_EraseAllPages), (56 bytes).
    Removing stm32f10x_flash.o(i.FLASH_EraseOptionBytes), (124 bytes).
    Removing stm32f10x_flash.o(i.FLASH_ErasePage), (120 bytes).
    Removing stm32f10x_flash.o(i.FLASH_GetBank1Status), (40 bytes).
    Removing stm32f10x_flash.o(i.FLASH_GetFlagStatus), (92 bytes).
    Removing stm32f10x_flash.o(i.FLASH_GetPrefetchBufferStatus), (20 bytes).
    Removing stm32f10x_flash.o(i.FLASH_GetReadOutProtectionStatus), (20 bytes).
    Removing stm32f10x_flash.o(i.FLASH_GetStatus), (40 bytes).
    Removing stm32f10x_flash.o(i.FLASH_GetUserOptionByte), (12 bytes).
    Removing stm32f10x_flash.o(i.FLASH_GetWriteProtectionOptionByte), (12 bytes).
    Removing stm32f10x_flash.o(i.FLASH_HalfCycleAccessCmd), (80 bytes).
    Removing stm32f10x_flash.o(i.FLASH_ITConfig), (96 bytes).
    Removing stm32f10x_flash.o(i.FLASH_Lock), (16 bytes).
    Removing stm32f10x_flash.o(i.FLASH_LockBank1), (16 bytes).
    Removing stm32f10x_flash.o(i.FLASH_PrefetchBufferCmd), (80 bytes).
    Removing stm32f10x_flash.o(i.FLASH_ProgramHalfWord), (116 bytes).
    Removing stm32f10x_flash.o(i.FLASH_ProgramOptionByteData), (140 bytes).
    Removing stm32f10x_flash.o(i.FLASH_ProgramWord), (132 bytes).
    Removing stm32f10x_flash.o(i.FLASH_ReadOutProtection), (188 bytes).
    Removing stm32f10x_flash.o(i.FLASH_SetLatency), (80 bytes).
    Removing stm32f10x_flash.o(i.FLASH_Unlock), (24 bytes).
    Removing stm32f10x_flash.o(i.FLASH_UnlockBank1), (24 bytes).
    Removing stm32f10x_flash.o(i.FLASH_UserOptionByteConfig), (180 bytes).
    Removing stm32f10x_flash.o(i.FLASH_WaitForLastBank1Operation), (34 bytes).
    Removing stm32f10x_flash.o(i.FLASH_WaitForLastOperation), (34 bytes).
    Removing stm32f10x_iwdg.o(i.IWDG_Enable), (16 bytes).
    Removing stm32f10x_iwdg.o(i.IWDG_GetFlagStatus), (72 bytes).
    Removing stm32f10x_iwdg.o(i.IWDG_ReloadCounter), (16 bytes).
    Removing stm32f10x_iwdg.o(i.IWDG_SetPrescaler), (80 bytes).
    Removing stm32f10x_iwdg.o(i.IWDG_SetReload), (60 bytes).
    Removing stm32f10x_iwdg.o(i.IWDG_WriteAccessCmd), (64 bytes).
    Removing stm32f10x_spi.o(i.I2S_Cmd), (104 bytes).
    Removing stm32f10x_spi.o(i.I2S_Init), (368 bytes).
    Removing stm32f10x_spi.o(i.I2S_StructInit), (18 bytes).
    Removing stm32f10x_spi.o(i.SPI_BiDirectionalLineConfig), (128 bytes).
    Removing stm32f10x_spi.o(i.SPI_CalculateCRC), (112 bytes).
    Removing stm32f10x_spi.o(i.SPI_Cmd), (112 bytes).
    Removing stm32f10x_spi.o(i.SPI_DataSizeConfig), (112 bytes).
    Removing stm32f10x_spi.o(i.SPI_GetCRC), (104 bytes).
    Removing stm32f10x_spi.o(i.SPI_GetCRCPolynomial), (80 bytes).
    Removing stm32f10x_spi.o(i.SPI_I2S_ClearFlag), (100 bytes).
    Removing stm32f10x_spi.o(i.SPI_I2S_ClearITPendingBit), (108 bytes).
    Removing stm32f10x_spi.o(i.SPI_I2S_DMACmd), (128 bytes).
    Removing stm32f10x_spi.o(i.SPI_I2S_DeInit), (144 bytes).
    Removing stm32f10x_spi.o(i.SPI_I2S_GetFlagStatus), (136 bytes).
    Removing stm32f10x_spi.o(i.SPI_I2S_GetITStatus), (152 bytes).
    Removing stm32f10x_spi.o(i.SPI_I2S_ITConfig), (140 bytes).
    Removing stm32f10x_spi.o(i.SPI_I2S_ReceiveData), (80 bytes).
    Removing stm32f10x_spi.o(i.SPI_I2S_SendData), (84 bytes).
    Removing stm32f10x_spi.o(i.SPI_Init), (316 bytes).
    Removing stm32f10x_spi.o(i.SPI_NSSInternalSoftwareConfig), (124 bytes).
    Removing stm32f10x_spi.o(i.SPI_SSOutputCmd), (112 bytes).
    Removing stm32f10x_spi.o(i.SPI_StructInit), (24 bytes).
    Removing stm32f10x_spi.o(i.SPI_TransmitCRC), (88 bytes).
    Removing stm32f10x_adc.o(i.ADC_AnalogWatchdogCmd), (152 bytes).
    Removing stm32f10x_adc.o(i.ADC_AnalogWatchdogSingleChannelConfig), (172 bytes).
    Removing stm32f10x_adc.o(i.ADC_AnalogWatchdogThresholdsConfig), (124 bytes).
    Removing stm32f10x_adc.o(i.ADC_AutoInjectedConvCmd), (112 bytes).
    Removing stm32f10x_adc.o(i.ADC_ClearFlag), (100 bytes).
    Removing stm32f10x_adc.o(i.ADC_ClearITPendingBit), (104 bytes).
    Removing stm32f10x_adc.o(i.ADC_Cmd), (112 bytes).
    Removing stm32f10x_adc.o(i.ADC_DMACmd), (104 bytes).
    Removing stm32f10x_adc.o(i.ADC_DeInit), (128 bytes).
    Removing stm32f10x_adc.o(i.ADC_DiscModeChannelCountConfig), (112 bytes).
    Removing stm32f10x_adc.o(i.ADC_DiscModeCmd), (112 bytes).
    Removing stm32f10x_adc.o(i.ADC_ExternalTrigConvCmd), (112 bytes).
    Removing stm32f10x_adc.o(i.ADC_ExternalTrigInjectedConvCmd), (112 bytes).
    Removing stm32f10x_adc.o(i.ADC_ExternalTrigInjectedConvConfig), (144 bytes).
    Removing stm32f10x_adc.o(i.ADC_GetCalibrationStatus), (92 bytes).
    Removing stm32f10x_adc.o(i.ADC_GetConversionValue), (84 bytes).
    Removing stm32f10x_adc.o(i.ADC_GetDualModeConversionValue), (12 bytes).
    Removing stm32f10x_adc.o(i.ADC_GetFlagStatus), (124 bytes).
    Removing stm32f10x_adc.o(i.ADC_GetITStatus), (132 bytes).
    Removing stm32f10x_adc.o(i.ADC_GetInjectedConversionValue), (112 bytes).
    Removing stm32f10x_adc.o(i.ADC_GetResetCalibrationStatus), (92 bytes).
    Removing stm32f10x_adc.o(i.ADC_GetSoftwareStartConvStatus), (92 bytes).
    Removing stm32f10x_adc.o(i.ADC_GetSoftwareStartInjectedConvCmdStatus), (92 bytes).
    Removing stm32f10x_adc.o(i.ADC_ITConfig), (132 bytes).
    Removing stm32f10x_adc.o(i.ADC_Init), (332 bytes).
    Removing stm32f10x_adc.o(i.ADC_InjectedChannelConfig), (296 bytes).
    Removing stm32f10x_adc.o(i.ADC_InjectedDiscModeCmd), (112 bytes).
    Removing stm32f10x_adc.o(i.ADC_InjectedSequencerLengthConfig), (112 bytes).
    Removing stm32f10x_adc.o(i.ADC_RegularChannelConfig), (340 bytes).
    Removing stm32f10x_adc.o(i.ADC_ResetCalibration), (88 bytes).
    Removing stm32f10x_adc.o(i.ADC_SetInjectedOffset), (128 bytes).
    Removing stm32f10x_adc.o(i.ADC_SoftwareStartConvCmd), (112 bytes).
    Removing stm32f10x_adc.o(i.ADC_SoftwareStartInjectedConvCmd), (112 bytes).
    Removing stm32f10x_adc.o(i.ADC_StartCalibration), (88 bytes).
    Removing stm32f10x_adc.o(i.ADC_StructInit), (18 bytes).
    Removing stm32f10x_adc.o(i.ADC_TempSensorVrefintCmd), (76 bytes).
    Removing stm32f10x_bkp.o(i.BKP_ClearFlag), (16 bytes).
    Removing stm32f10x_bkp.o(i.BKP_ClearITPendingBit), (16 bytes).
    Removing stm32f10x_bkp.o(i.BKP_DeInit), (18 bytes).
    Removing stm32f10x_bkp.o(i.BKP_GetFlagStatus), (12 bytes).
    Removing stm32f10x_bkp.o(i.BKP_GetITStatus), (12 bytes).
    Removing stm32f10x_bkp.o(i.BKP_ITConfig), (60 bytes).
    Removing stm32f10x_bkp.o(i.BKP_RTCOutputConfig), (80 bytes).
    Removing stm32f10x_bkp.o(i.BKP_ReadBackupRegister), (224 bytes).
    Removing stm32f10x_bkp.o(i.BKP_SetRTCCalibrationValue), (68 bytes).
    Removing stm32f10x_bkp.o(i.BKP_TamperPinCmd), (60 bytes).
    Removing stm32f10x_bkp.o(i.BKP_TamperPinLevelConfig), (60 bytes).
    Removing stm32f10x_bkp.o(i.BKP_WriteBackupRegister), (224 bytes).
    Removing stm32f10x_can.o(i.CAN_CancelTransmit), (120 bytes).
    Removing stm32f10x_can.o(i.CAN_ClearFlag), (196 bytes).
    Removing stm32f10x_can.o(i.CAN_ClearITPendingBit), (260 bytes).
    Removing stm32f10x_can.o(i.CAN_DBGFreeze), (104 bytes).
    Removing stm32f10x_can.o(i.CAN_DeInit), (100 bytes).
    Removing stm32f10x_can.o(i.CAN_FIFORelease), (104 bytes).
    Removing stm32f10x_can.o(i.CAN_FilterInit), (320 bytes).
    Removing stm32f10x_can.o(i.CAN_GetFlagStatus), (244 bytes).
    Removing stm32f10x_can.o(i.CAN_GetITStatus), (328 bytes).
    Removing stm32f10x_can.o(i.CAN_GetLSBTransmitErrorCounter), (76 bytes).
    Removing stm32f10x_can.o(i.CAN_GetLastErrorCode), (76 bytes).
    Removing stm32f10x_can.o(i.CAN_GetReceiveErrorCounter), (72 bytes).
    Removing stm32f10x_can.o(i.CAN_ITConfig), (180 bytes).
    Removing stm32f10x_can.o(i.CAN_Init), (488 bytes).
    Removing stm32f10x_can.o(i.CAN_MessagePending), (104 bytes).
    Removing stm32f10x_can.o(i.CAN_OperatingModeRequest), (224 bytes).
    Removing stm32f10x_can.o(i.CAN_Receive), (224 bytes).
    Removing stm32f10x_can.o(i.CAN_SlaveStartBank), (96 bytes).
    Removing stm32f10x_can.o(i.CAN_Sleep), (96 bytes).
    Removing stm32f10x_can.o(i.CAN_StructInit), (32 bytes).
    Removing stm32f10x_can.o(i.CAN_TTComModeCmd), (172 bytes).
    Removing stm32f10x_can.o(i.CAN_Transmit), (308 bytes).
    Removing stm32f10x_can.o(i.CAN_TransmitStatus), (192 bytes).
    Removing stm32f10x_can.o(i.CAN_WakeUp), (108 bytes).
    Removing stm32f10x_can.o(i.CheckITStatus), (12 bytes).
    Removing stm32f10x_cec.o(i.CEC_ClearFlag), (84 bytes).
    Removing stm32f10x_cec.o(i.CEC_ClearITPendingBit), (92 bytes).
    Removing stm32f10x_cec.o(i.CEC_Cmd), (76 bytes).
    Removing stm32f10x_cec.o(i.CEC_DeInit), (24 bytes).
    Removing stm32f10x_cec.o(i.CEC_EndOfMessageCmd), (64 bytes).
    Removing stm32f10x_cec.o(i.CEC_GetFlagStatus), (172 bytes).
    Removing stm32f10x_cec.o(i.CEC_GetITStatus), (96 bytes).
    Removing stm32f10x_cec.o(i.CEC_ITConfig), (60 bytes).
    Removing stm32f10x_cec.o(i.CEC_Init), (92 bytes).
    Removing stm32f10x_cec.o(i.CEC_OwnAddressConfig), (60 bytes).
    Removing stm32f10x_cec.o(i.CEC_ReceiveDataByte), (12 bytes).
    Removing stm32f10x_cec.o(i.CEC_SendDataByte), (12 bytes).
    Removing stm32f10x_cec.o(i.CEC_SetPrescaler), (60 bytes).
    Removing stm32f10x_cec.o(i.CEC_StartOfMessage), (12 bytes).
    Removing stm32f10x_crc.o(i.CRC_CalcBlockCRC), (28 bytes).
    Removing stm32f10x_crc.o(i.CRC_CalcCRC), (12 bytes).
    Removing stm32f10x_crc.o(i.CRC_GetCRC), (12 bytes).
    Removing stm32f10x_crc.o(i.CRC_GetIDRegister), (12 bytes).
    Removing stm32f10x_crc.o(i.CRC_ResetDR), (12 bytes).
    Removing stm32f10x_crc.o(i.CRC_SetIDRegister), (12 bytes).
    Removing stm32f10x_dac.o(i.DAC_Cmd), (96 bytes).
    Removing stm32f10x_dac.o(i.DAC_DMACmd), (96 bytes).
    Removing stm32f10x_dac.o(i.DAC_DeInit), (24 bytes).
    Removing stm32f10x_dac.o(i.DAC_DualSoftwareTriggerCmd), (76 bytes).
    Removing stm32f10x_dac.o(i.DAC_GetDataOutputValue), (68 bytes).
    Removing stm32f10x_dac.o(i.DAC_Init), (236 bytes).
    Removing stm32f10x_dac.o(i.DAC_SetChannel1Data), (88 bytes).
    Removing stm32f10x_dac.o(i.DAC_SetChannel2Data), (88 bytes).
    Removing stm32f10x_dac.o(i.DAC_SetDualChannelData), (124 bytes).
    Removing stm32f10x_dac.o(i.DAC_SoftwareTriggerCmd), (100 bytes).
    Removing stm32f10x_dac.o(i.DAC_StructInit), (12 bytes).
    Removing stm32f10x_dac.o(i.DAC_WaveGenerationCmd), (116 bytes).
    Removing stm32f10x_dma.o(i.DMA_ClearFlag), (88 bytes).
    Removing stm32f10x_dma.o(i.DMA_ClearITPendingBit), (88 bytes).
    Removing stm32f10x_dma.o(i.DMA_Cmd), (184 bytes).
    Removing stm32f10x_dma.o(i.DMA_DeInit), (356 bytes).
    Removing stm32f10x_dma.o(i.DMA_GetCurrDataCounter), (152 bytes).
    Removing stm32f10x_dma.o(i.DMA_GetFlagStatus), (388 bytes).
    Removing stm32f10x_dma.o(i.DMA_GetITStatus), (388 bytes).
    Removing stm32f10x_dma.o(i.DMA_ITConfig), (200 bytes).
    Removing stm32f10x_dma.o(i.DMA_Init), (384 bytes).
    Removing stm32f10x_dma.o(i.DMA_SetCurrDataCounter), (152 bytes).
    Removing stm32f10x_dma.o(i.DMA_StructInit), (26 bytes).
    Removing application.o(i.AppInit), (196 bytes).
    Removing application.o(i.NVIC_Configuration), (10 bytes).
    Removing application.o(i.Set_USBClock), (20 bytes).
    Removing application.o(i.SysClockConfig), (112 bytes).
    Removing application.o(.constdata), (65 bytes).
    Removing timermanager.o(i.SysTick_Increment), (20 bytes).
    Removing timermanager.o(i.SysTick_Init), (56 bytes).
    Removing sdrr.o(i.SDRR_Init), (68 bytes).
    Removing sdrr.o(i.SDRR_SaveSensorPoint), (176 bytes).
    Removing sdrr.o(i.SDRR_SensorPointToString), (348 bytes).
    Removing sdrr.o(i.SDRR_WriteRecordToFile), (136 bytes).
    Removing sdrr.o(.bss), (4118 bytes).
    Removing sdrr.o(.data), (8 bytes).
    Removing f10x_flash_if.o(i.F10X_FLASH_ReadAppAttr), (212 bytes).
    Removing f10x_flash_if.o(i.F10X_FLASH_WriteAppAttr), (340 bytes).
    Removing f10x_flash_if.o(.constdata), (79 bytes).
    Removing delay.o(i._init_ms), (80 bytes).
    Removing delay.o(i._init_us), (80 bytes).
    Removing delay.o(i._stop_timer), (24 bytes).
    Removing delay.o(i.delay_ms), (30 bytes).
    Removing delay.o(i.delay_us), (30 bytes).
    Removing lcd1602_drv.o(i.LCD1602_ClearScreen), (30 bytes).
    Removing lcd1602_drv.o(i.LCD1602_HardwareInit), (152 bytes).
    Removing lcd1602_drv.o(i.LCD1602_Init), (260 bytes).
    Removing lcd1602_drv.o(i.LCD1602_SetXY), (14 bytes).
    Removing lcd1602_drv.o(i.LCD1602_WriteCmd), (160 bytes).
    Removing lcd1602_drv.o(i.LCD1602_WriteData), (164 bytes).
    Removing lcd1602_drv.o(i.LCD1602_WriteInteger), (160 bytes).
    Removing lcd1602_drv.o(i.LCD1602_WriteString), (24 bytes).
    Removing lcd1602_drv.o(i.LCD_enable_wait), (28 bytes).
    Removing lcd1602_drv.o(i.LCD_enable_write), (44 bytes).
    Removing lcd1602_drv.o(i.LCD_set_data_dir), (40 bytes).
    Removing os_global.o(i.BSP_Init), (72 bytes).
    Removing os_global.o(i.JumpToBootloader), (36 bytes).
    Removing os_global.o(i.OS_IsTimeout), (20 bytes).
    Removing os_global.o(i.OS_SetTimeout), (12 bytes).
    Removing os_global.o(i.Sys_GenSum32), (22 bytes).
    Removing os_global.o(i.Sys_IsBigEndian), (14 bytes).
    Removing os_global.o(i.Util_NumToString), (144 bytes).
    Removing os_global.o(.data), (1 bytes).
    Removing os_timer.o(i.OS_TimerCheck), (64 bytes).
    Removing os_timer.o(i.OS_TimerInit), (26 bytes).
    Removing os_timer.o(i.OS_TimerIsStop), (10 bytes).
    Removing os_timer.o(i.OS_TimerStop), (32 bytes).
    Removing os_timer.o(i.OS_TimerTickIncrease), (16 bytes).
    Removing pm25sensor.o(i.CalculateHchoAver), (60 bytes).
    Removing pm25sensor.o(i.HCHO_DisplayInit), (176 bytes).
    Removing pm25sensor.o(i.HCHO_DisplayMassFract), (106 bytes).
    Removing pm25sensor.o(i.HCHO_DisplayPPM), (106 bytes).
    Removing pm25sensor.o(i.HCHO_Indicate), (136 bytes).
    Removing pm25sensor.o(i.HCHO_QueryHCHOConcentration), (8 bytes).
    Removing pm25sensor.o(i.HCHO_SendCmd), (36 bytes).
    Removing pm25sensor.o(i.HCHO_SwitchToActiveMode), (8 bytes).
    Removing pm25sensor.o(i.HCHO_SwitchToQueryMode), (8 bytes).
    Removing pm25sensor.o(i.LCD_Display_AQI), (96 bytes).
    Removing pm25sensor.o(i.LCD_Display_CC), (100 bytes).
    Removing pm25sensor.o(i.LED_IndicateColorOfHCHO), (44 bytes).
    Removing pm25sensor.o(i.PM25_AqiCalculate), (276 bytes).
    Removing pm25sensor.o(i.PM25_Display_Init), (156 bytes).
    Removing pm25sensor.o(i.PM25_Display_Value), (112 bytes).
    Removing pm25sensor.o(i.PM25_Init), (60 bytes).
    Removing pm25sensor.o(i.TempHumi_Display), (96 bytes).
    Removing pm25sensor.o(i.TimerCalculator_CallBack), (356 bytes).
    Removing pm25sensor.o(i.TimerCheckPM25_CallBack), (240 bytes).
    Removing pm25sensor.o(.constdata), (252 bytes).
    Removing key_drv.o(i.key_get_cur_display_mode), (12 bytes).
    Removing key_drv.o(i.key_gpio_init), (52 bytes).
    Removing key_drv.o(i.key_process), (232 bytes).
    Removing key_drv.o(i.key_scan), (152 bytes).
    Removing key_drv.o(.data), (6 bytes).
    Removing led_drv.o(i.LEDTest), (56 bytes).
    Removing led_drv.o(i.LED_AllSet), (32 bytes).
    Removing led_drv.o(i.LED_AqiIndicate), (184 bytes).
    Removing led_drv.o(i.LED_Config), (72 bytes).
    Removing led_drv.o(i.LED_Flash), (56 bytes).
    Removing led_drv.o(i.LED_Init), (100 bytes).
    Removing led_drv.o(i.LED_StopAqiIndicate), (2 bytes).
    Removing led_drv.o(i.LedFlashTimer_CallBack), (72 bytes).
    Removing led_drv.o(i.LedTimer_CallBack), (96 bytes).
    Removing led_drv.o(.bss), (56 bytes).
    Removing led_drv.o(.data), (4 bytes).
    Removing uart_queue.o(i.Uart_CheckRxFlag), (12 bytes).
    Removing uart_queue.o(i.Uart_ClearRxFlag), (12 bytes).
    Removing uart_queue.o(i.Uart_IsRxBuffSizeEqualThan), (56 bytes).
    Removing uart_queue.o(i.Uart_IsTxDataBuffEmpty), (24 bytes).
    Removing uart_queue.o(i.Uart_Q_Init), (44 bytes).
    Removing uart_queue.o(i.Uart_ReadDequeueBuff), (26 bytes).
    Removing uart_queue.o(i.Uart_ReadDequeueByte), (4 bytes).
    Removing uart_queue.o(i.Uart_RxQueueOut), (40 bytes).
    Removing uart_queue.o(i.Uart_RxToTx), (34 bytes).
    Removing uart_queue.o(i.Uart_SendByte), (56 bytes).
    Removing uart_queue.o(i.Uart_SendDatas), (112 bytes).
    Removing uart_queue.o(i.Uart_SendString), (22 bytes).
    Removing uart_queue.o(i.Uart_TxQueueIn), (44 bytes).
    Removing uart_queue.o(.bss), (576 bytes).
    Removing uart_drv.o(i.USART1_Init), (160 bytes).
    Removing uart_drv.o(i.USART2_Init), (152 bytes).
    Removing uart_drv.o(i.USART3_Init), (156 bytes).
    Removing rom_flash_interface.o(i.rom_flash_disk_read), (52 bytes).
    Removing rom_flash_interface.o(i.rom_flash_disk_write), (52 bytes).
    Removing rom_flash_interface.o(i.rom_flash_initialize), (10 bytes).
    Removing rom_flash_interface.o(i.rom_flash_ioctl), (38 bytes).
    Removing rom_flash_interface.o(i.rom_flash_mal_read), (76 bytes).
    Removing rom_flash_interface.o(i.rom_flash_mal_write), (148 bytes).
    Removing rom_flash_interface.o(i.rom_flash_mal_write_ex), (148 bytes).
    Removing sd_card_interface.o(i.SD_initialize), (4 bytes).
    Removing sd_card_interface.o(i.SD_ioctl), (40 bytes).
    Removing spi_flash_interface.o(i.flash_disk_read), (60 bytes).
    Removing spi_flash_interface.o(i.flash_disk_write), (76 bytes).
    Removing spi_flash_interface.o(i.flash_initialize), (68 bytes).
    Removing spi_flash_interface.o(i.flash_ioctl), (40 bytes).
    Removing spi_flash_interface.o(i.flash_mal_read), (72 bytes).
    Removing spi_flash_interface.o(i.flash_mal_write), (176 bytes).
    Removing spi_flash_interface.o(.bss), (4096 bytes).
    Removing dht11.o(i.DHT_Init), (104 bytes).
    Removing dht11.o(i.DHT_RxByte), (228 bytes).
    Removing dht11.o(i.DHT_SetIODir), (40 bytes).
    Removing dht11.o(i.DHT_Start), (68 bytes).
    Removing dht11.o(i.TimerDHT_CallBack), (556 bytes).
    Removing dht11.o(i.TimerGetTempHumi_CallBack), (88 bytes).
    Removing dht11.o(.bss), (56 bytes).
    Removing dht11.o(.constdata), (80 bytes).
    Removing dht11.o(.data), (17 bytes).
    Removing stm32f1_temp_sensor.o(i.Get_Adc_Average), (112 bytes).
    Removing stm32f1_temp_sensor.o(i.ITempSensor_AdcInit), (144 bytes).
    Removing stm32f1_temp_sensor.o(i.ITempSensor_Init), (60 bytes).
    Removing stm32f1_temp_sensor.o(i.TempSensorTimer_CallBack), (280 bytes).
    Removing stm32f1_temp_sensor.o(.bss), (28 bytes).
    Removing stm32f1_temp_sensor.o(.data), (12 bytes).
    Removing stm32f1_temp_sensor.o(.data), (2 bytes).
    Removing core_cm3.o(.emb_text), (32 bytes).
    Removing system_stm32f10x.o(i.SystemCoreClockUpdate), (104 bytes).
    Removing system_stm32f10x.o(.data), (20 bytes).
    Removing startup_stm32f10x_md.o(HEAP), (1024 bytes).
    Removing bsp.o(i.bsp_init), (2 bytes).
    Removing bsp.o(i.delay), (10 bytes).
    Removing sfud_port.o(i.gpio_configuration), (148 bytes).
    Removing sfud_port.o(i.retry_delay_100us), (8 bytes).
    Removing sfud_port.o(i.sfud_log_debug), (72 bytes).
    Removing sfud_port.o(i.sfud_log_info), (60 bytes).
    Removing sfud_port.o(i.sfud_spi_port_init), (212 bytes).
    Removing sfud_port.o(i.spi_lock), (4 bytes).
    Removing sfud_port.o(i.spi_unlock), (4 bytes).
    Removing sfud_port.o(i.spi_write_read), (144 bytes).
    Removing sfud_port.o(.bss), (256 bytes).
    Removing sfud_port.o(.data), (12 bytes).
    Removing sfud.o(i.aai_write), (256 bytes).
    Removing sfud.o(i.hardware_init), (416 bytes).
    Removing sfud.o(i.make_adress_byte_array), (42 bytes).
    Removing sfud.o(i.page256_or_1_byte_write), (202 bytes).
    Removing sfud.o(i.set_write_enabled), (68 bytes).
    Removing sfud.o(i.sfud_chip_erase), (116 bytes).
    Removing sfud.o(i.sfud_device_init), (22 bytes).
    Removing sfud.o(i.sfud_erase), (228 bytes).
    Removing sfud.o(i.sfud_erase_write), (40 bytes).
    Removing sfud.o(i.sfud_get_device), (28 bytes).
    Removing sfud.o(i.sfud_get_device_num), (4 bytes).
    Removing sfud.o(i.sfud_get_device_table), (8 bytes).
    Removing sfud.o(i.sfud_init), (44 bytes).
    Removing sfud.o(i.sfud_read), (104 bytes).
    Removing sfud.o(i.sfud_read_status), (24 bytes).
    Removing sfud.o(i.sfud_write), (42 bytes).
    Removing sfud.o(i.sfud_write_status), (74 bytes).
    Removing sfud.o(i.wait_busy), (42 bytes).
    Removing sfud.o(.constdata), (384 bytes).
    Removing sfud.o(.conststring), (206 bytes).
    Removing sfud.o(.data), (116 bytes).
    Removing sfud_sfdp.o(i.read_basic_table), (358 bytes).
    Removing sfud_sfdp.o(i.read_sfdp_data), (46 bytes).
    Removing sfud_sfdp.o(i.sfud_read_sfdp), (162 bytes).
    Removing sfud_sfdp.o(i.sfud_sfdp_get_suitable_eraser), (56 bytes).
    Removing sfud_demo.o(i.sfud_demo_task), (2 bytes).
    Removing usbapp.o(i.USB_BspGpioInit), (44 bytes).
    Removing usbapp.o(i.usb_main), (80 bytes).
    Removing disk_image.o(.constdata), (1024 bytes).
    Removing hw_config.o(i.Enter_LowPowerMode), (12 bytes).
    Removing hw_config.o(i.Get_SerialNum), (52 bytes).
    Removing hw_config.o(i.IntToUnicode), (54 bytes).
    Removing hw_config.o(i.Leave_LowPowerMode), (28 bytes).
    Removing hw_config.o(i.MAL_Config), (6 bytes).
    Removing hw_config.o(i.USBSet_System), (6 bytes).
    Removing hw_config.o(i.USBSet_USBClock), (20 bytes).
    Removing hw_config.o(i.USB_Cable_Config), (24 bytes).
    Removing hw_config.o(i.USB_Interrupts_Config), (66 bytes).
    Removing hw_config.o(.data), (1 bytes).
    Removing mass_mal.o(i.MAL_GetStatus), (48 bytes).
    Removing mass_mal.o(i.MAL_Init), (16 bytes).
    Removing mass_mal.o(i.MAL_Read), (22 bytes).
    Removing mass_mal.o(i.MAL_Write), (22 bytes).
    Removing mass_mal.o(.data), (16 bytes).
    Removing memory.o(i.Read_Memory), (232 bytes).
    Removing memory.o(i.Write_Memory), (268 bytes).
    Removing memory.o(.bss), (4096 bytes).
    Removing memory.o(.data), (56 bytes).
    Removing scsi_data.o(.data), (5 bytes).
    Removing scsi_data.o(.data), (36 bytes).
    Removing scsi_data.o(.data), (36 bytes).
    Removing scsi_data.o(.data), (4 bytes).
    Removing scsi_data.o(.data), (8 bytes).
    Removing scsi_data.o(.data), (18 bytes).
    Removing scsi_data.o(.data), (8 bytes).
    Removing scsi_data.o(.data), (12 bytes).
    Removing usb_bot.o(i.Bot_Abort), (50 bytes).
    Removing usb_bot.o(i.CBW_Decode), (408 bytes).
    Removing usb_bot.o(i.Mass_Storage_In), (128 bytes).
    Removing usb_bot.o(i.Mass_Storage_Out), (116 bytes).
    Removing usb_bot.o(i.Set_CSW), (64 bytes).
    Removing usb_bot.o(i.Transfer_Data_Request), (52 bytes).
    Removing usb_bot.o(.bss), (112 bytes).
    Removing usb_bot.o(.data), (12 bytes).
    Removing usb_desc.o(.constdata), (18 bytes).
    Removing usb_desc.o(.constdata), (32 bytes).
    Removing usb_desc.o(.constdata), (4 bytes).
    Removing usb_desc.o(.constdata), (38 bytes).
    Removing usb_desc.o(.constdata), (38 bytes).
    Removing usb_desc.o(.constdata), (16 bytes).
    Removing usb_desc.o(.data), (26 bytes).
    Removing usb_endp.o(i.EP1_IN_Callback), (4 bytes).
    Removing usb_endp.o(i.EP2_OUT_Callback), (4 bytes).
    Removing usb_istr.o(i.USB_Istr), (72 bytes).
    Removing usb_istr.o(.data), (1 bytes).
    Removing usb_istr.o(.data), (28 bytes).
    Removing usb_istr.o(.data), (28 bytes).
    Removing usb_istr.o(.data), (2 bytes).
    Removing usb_prop.o(i.Get_Max_Lun), (28 bytes).
    Removing usb_prop.o(i.MASS_Data_Setup), (64 bytes).
    Removing usb_prop.o(i.MASS_GetConfigDescriptor), (12 bytes).
    Removing usb_prop.o(i.MASS_GetDeviceDescriptor), (12 bytes).
    Removing usb_prop.o(i.MASS_GetStringDescriptor), (32 bytes).
    Removing usb_prop.o(i.MASS_Get_Interface_Setting), (10 bytes).
    Removing usb_prop.o(i.MASS_NoData_Setup), (80 bytes).
    Removing usb_prop.o(i.MASS_Reset), (224 bytes).
    Removing usb_prop.o(i.MASS_Status_In), (2 bytes).
    Removing usb_prop.o(i.MASS_Status_Out), (2 bytes).
    Removing usb_prop.o(i.MASS_init), (36 bytes).
    Removing usb_prop.o(i.Mass_Storage_ClearFeature), (28 bytes).
    Removing usb_prop.o(i.Mass_Storage_SetConfiguration), (52 bytes).
    Removing usb_prop.o(i.Mass_Storage_SetDeviceAddress), (12 bytes).
    Removing usb_prop.o(.data), (108 bytes).
    Removing usb_prop.o(.data), (2 bytes).
    Removing usb_prop.o(.data), (36 bytes).
    Removing usb_pwr.o(i.PowerOff), (32 bytes).
    Removing usb_pwr.o(i.PowerOn), (44 bytes).
    Removing usb_pwr.o(i.Resume), (148 bytes).
    Removing usb_pwr.o(i.Resume_Init), (32 bytes).
    Removing usb_pwr.o(i.Suspend), (180 bytes).
    Removing usb_pwr.o(.bss), (32 bytes).
    Removing usb_pwr.o(.data), (4 bytes).
    Removing usb_pwr.o(.data), (1 bytes).
    Removing usb_pwr.o(.data), (8 bytes).
    Removing usb_scsi.o(i.SCSI_Address_Management), (116 bytes).
    Removing usb_scsi.o(i.SCSI_Format_Cmd), (48 bytes).
    Removing usb_scsi.o(i.SCSI_Inquiry_Cmd), (52 bytes).
    Removing usb_scsi.o(i.SCSI_Invalid_Cmd), (52 bytes).
    Removing usb_scsi.o(i.SCSI_ModeSense10_Cmd), (12 bytes).
    Removing usb_scsi.o(i.SCSI_ModeSense6_Cmd), (12 bytes).
    Removing usb_scsi.o(i.SCSI_Read10_Cmd), (104 bytes).
    Removing usb_scsi.o(i.SCSI_ReadCapacity10_Cmd), (112 bytes).
    Removing usb_scsi.o(i.SCSI_ReadFormatCapacity_Cmd), (108 bytes).
    Removing usb_scsi.o(i.SCSI_RequestSense_Cmd), (24 bytes).
    Removing usb_scsi.o(i.SCSI_Start_Stop_Unit_Cmd), (8 bytes).
    Removing usb_scsi.o(i.SCSI_TestUnitReady_Cmd), (56 bytes).
    Removing usb_scsi.o(i.SCSI_Valid_Cmd), (48 bytes).
    Removing usb_scsi.o(i.SCSI_Verify10_Cmd), (52 bytes).
    Removing usb_scsi.o(i.SCSI_Write10_Cmd), (104 bytes).
    Removing usb_scsi.o(i.Set_Scsi_Sense_Data), (12 bytes).
    Removing usb_core.o(i.DataStageIn), (188 bytes).
    Removing usb_core.o(i.DataStageOut), (168 bytes).
    Removing usb_core.o(i.Data_Setup0), (412 bytes).
    Removing usb_core.o(i.In0_Process), (92 bytes).
    Removing usb_core.o(i.NOP_Process), (2 bytes).
    Removing usb_core.o(i.NoData_Setup0), (212 bytes).
    Removing usb_core.o(i.Out0_Process), (72 bytes).
    Removing usb_core.o(i.Post0_Process), (68 bytes).
    Removing usb_core.o(i.SetDeviceAddress), (68 bytes).
    Removing usb_core.o(i.Setup0_Process), (104 bytes).
    Removing usb_core.o(i.Standard_ClearFeature), (236 bytes).
    Removing usb_core.o(i.Standard_GetConfiguration), (40 bytes).
    Removing usb_core.o(i.Standard_GetDescriptorData), (28 bytes).
    Removing usb_core.o(i.Standard_GetInterface), (40 bytes).
    Removing usb_core.o(i.Standard_GetStatus), (144 bytes).
    Removing usb_core.o(i.Standard_SetConfiguration), (56 bytes).
    Removing usb_core.o(i.Standard_SetDeviceFeature), (36 bytes).
    Removing usb_core.o(i.Standard_SetEndPointFeature), (132 bytes).
    Removing usb_core.o(i.Standard_SetInterface), (72 bytes).
    Removing usb_core.o(.data), (4 bytes).
    Removing usb_init.o(i.USB_Init), (40 bytes).
    Removing usb_init.o(.bss), (28 bytes).
    Removing usb_init.o(.data), (1 bytes).
    Removing usb_init.o(.data), (12 bytes).
    Removing usb_init.o(.data), (2 bytes).
    Removing usb_init.o(.data), (2 bytes).
    Removing usb_int.o(i.CTR_HP), (120 bytes).
    Removing usb_int.o(i.CTR_LP), (316 bytes).
    Removing usb_int.o(.data), (4 bytes).
    Removing usb_mem.o(i.PMAToUserBufferCopy), (28 bytes).
    Removing usb_mem.o(i.UserToPMABufferCopy), (40 bytes).
    Removing usb_regs.o(i.ByteSwap), (10 bytes).
    Removing usb_regs.o(i.ClearDTOG_RX), (36 bytes).
    Removing usb_regs.o(i.ClearDTOG_TX), (36 bytes).
    Removing usb_regs.o(i.ClearEPDoubleBuff), (32 bytes).
    Removing usb_regs.o(i.ClearEP_CTR_RX), (24 bytes).
    Removing usb_regs.o(i.ClearEP_CTR_TX), (24 bytes).
    Removing usb_regs.o(i.ClearEP_KIND), (32 bytes).
    Removing usb_regs.o(i.Clear_Status_Out), (32 bytes).
    Removing usb_regs.o(i.FreeUserBuffer), (52 bytes).
    Removing usb_regs.o(i.GetBTABLE), (12 bytes).
    Removing usb_regs.o(i.GetCNTR), (12 bytes).
    Removing usb_regs.o(i.GetDADDR), (12 bytes).
    Removing usb_regs.o(i.GetENDPOINT), (16 bytes).
    Removing usb_regs.o(i.GetEPAddress), (16 bytes).
    Removing usb_regs.o(i.GetEPDblBuf0Addr), (28 bytes).
    Removing usb_regs.o(i.GetEPDblBuf0Count), (32 bytes).
    Removing usb_regs.o(i.GetEPDblBuf1Addr), (32 bytes).
    Removing usb_regs.o(i.GetEPDblBuf1Count), (32 bytes).
    Removing usb_regs.o(i.GetEPDblBufDir), (60 bytes).
    Removing usb_regs.o(i.GetEPRxAddr), (32 bytes).
    Removing usb_regs.o(i.GetEPRxCount), (32 bytes).
    Removing usb_regs.o(i.GetEPRxStatus), (20 bytes).
    Removing usb_regs.o(i.GetEPTxAddr), (28 bytes).
    Removing usb_regs.o(i.GetEPTxCount), (32 bytes).
    Removing usb_regs.o(i.GetEPTxStatus), (20 bytes).
    Removing usb_regs.o(i.GetEPType), (20 bytes).
    Removing usb_regs.o(i.GetFNR), (12 bytes).
    Removing usb_regs.o(i.GetISTR), (12 bytes).
    Removing usb_regs.o(i.GetRxStallStatus), (24 bytes).
    Removing usb_regs.o(i.GetTxStallStatus), (24 bytes).
    Removing usb_regs.o(i.SetBTABLE), (16 bytes).
    Removing usb_regs.o(i.SetCNTR), (12 bytes).
    Removing usb_regs.o(i.SetDADDR), (12 bytes).
    Removing usb_regs.o(i.SetDouBleBuffEPStall), (44 bytes).
    Removing usb_regs.o(i.SetENDPOINT), (12 bytes).
    Removing usb_regs.o(i.SetEPAddress), (32 bytes).
    Removing usb_regs.o(i.SetEPCountRxReg), (40 bytes).
    Removing usb_regs.o(i.SetEPDblBuf0Addr), (32 bytes).
    Removing usb_regs.o(i.SetEPDblBuf0Count), (92 bytes).
    Removing usb_regs.o(i.SetEPDblBuf1Addr), (32 bytes).
    Removing usb_regs.o(i.SetEPDblBuf1Count), (92 bytes).
    Removing usb_regs.o(i.SetEPDblBuffAddr), (52 bytes).
    Removing usb_regs.o(i.SetEPDblBuffCount), (172 bytes).
    Removing usb_regs.o(i.SetEPDoubleBuff), (32 bytes).
    Removing usb_regs.o(i.SetEPRxAddr), (32 bytes).
    Removing usb_regs.o(i.SetEPRxCount), (64 bytes).
    Removing usb_regs.o(i.SetEPRxStatus), (48 bytes).
    Removing usb_regs.o(i.SetEPRxValid), (36 bytes).
    Removing usb_regs.o(i.SetEPTxAddr), (32 bytes).
    Removing usb_regs.o(i.SetEPTxCount), (28 bytes).
    Removing usb_regs.o(i.SetEPTxStatus), (48 bytes).
    Removing usb_regs.o(i.SetEPTxValid), (36 bytes).
    Removing usb_regs.o(i.SetEPType), (28 bytes).
    Removing usb_regs.o(i.SetEP_KIND), (32 bytes).
    Removing usb_regs.o(i.SetISTR), (12 bytes).
    Removing usb_regs.o(i.Set_Status_Out), (32 bytes).
    Removing usb_regs.o(i.ToWord), (6 bytes).
    Removing usb_regs.o(i.ToggleDTOG_RX), (32 bytes).
    Removing usb_regs.o(i.ToggleDTOG_TX), (32 bytes).
    Removing usb_sil.o(i.USB_SIL_Init), (32 bytes).
    Removing usb_sil.o(i.USB_SIL_Read), (36 bytes).
    Removing usb_sil.o(i.USB_SIL_Write), (40 bytes).
    Removing diskio.o(i.disk_initialize), (22 bytes).
    Removing diskio.o(i.disk_ioctl), (10 bytes).
    Removing diskio.o(i.disk_read), (18 bytes).
    Removing diskio.o(i.disk_status), (4 bytes).
    Removing diskio.o(i.disk_write), (18 bytes).
    Removing diskio.o(i.get_fattime), (4 bytes).
    Removing fatfs_demo.o(i.FILE_FormatDisk), (908 bytes).
    Removing fatfs_demo.o(i.FILE_GetSensorTotalItems), (440 bytes).
    Removing fatfs_demo.o(i.FILE_Open), (408 bytes).
    Removing fatfs_demo.o(i.FILE_Scan), (268 bytes).
    Removing fatfs_demo.o(i.FILE_Write), (172 bytes).
    Removing fatfs_demo.o(i.FatFs_Demo), (4 bytes).
    Removing fatfs_demo.o(i.exf_getfree), (84 bytes).
    Removing fatfs_demo.o(.bss), (4304 bytes).
    Removing fatfs_demo.o(.constdata), (237 bytes).
    Removing fatfs_demo.o(.data), (40 bytes).
    Removing ff.o(i.check_fs), (96 bytes).
    Removing ff.o(i.chk_chr), (16 bytes).
    Removing ff.o(i.chk_lock), (100 bytes).
    Removing ff.o(i.clear_lock), (36 bytes).
    Removing ff.o(i.clmt_clust), (42 bytes).
    Removing ff.o(i.clust2sect), (28 bytes).
    Removing ff.o(i.create_chain), (164 bytes).
    Removing ff.o(i.create_name), (480 bytes).
    Removing ff.o(i.dec_lock), (60 bytes).
    Removing ff.o(i.dir_find), (300 bytes).
    Removing ff.o(i.dir_next), (256 bytes).
    Removing ff.o(i.dir_read), (252 bytes).
    Removing ff.o(i.dir_register), (428 bytes).
    Removing ff.o(i.dir_remove), (102 bytes).
    Removing ff.o(i.dir_sdi), (128 bytes).
    Removing ff.o(i.f_chmod), (88 bytes).
    Removing ff.o(i.f_close), (38 bytes).
    Removing ff.o(i.f_closedir), (32 bytes).
    Removing ff.o(i.f_getfree), (196 bytes).
    Removing ff.o(i.f_gets), (68 bytes).
    Removing ff.o(i.f_lseek), (422 bytes).
    Removing ff.o(i.f_mkdir), (376 bytes).
    Removing ff.o(i.f_mkfs), (1332 bytes).
    Removing ff.o(i.f_mount), (96 bytes).
    Removing ff.o(i.f_open), (416 bytes).
    Removing ff.o(i.f_opendir), (144 bytes).
    Removing ff.o(i.f_printf), (486 bytes).
    Removing ff.o(i.f_putc), (60 bytes).
    Removing ff.o(i.f_puts), (70 bytes).
    Removing ff.o(i.f_read), (298 bytes).
    Removing ff.o(i.f_readdir), (88 bytes).
    Removing ff.o(i.f_rename), (268 bytes).
    Removing ff.o(i.f_stat), (68 bytes).
    Removing ff.o(i.f_sync), (124 bytes).
    Removing ff.o(i.f_truncate), (142 bytes).
    Removing ff.o(i.f_unlink), (168 bytes).
    Removing ff.o(i.f_utime), (92 bytes).
    Removing ff.o(i.f_write), (398 bytes).
    Removing ff.o(i.find_volume), (572 bytes).
    Removing ff.o(i.follow_path), (102 bytes).
    Removing ff.o(i.gen_numname), (132 bytes).
    Removing ff.o(i.get_fat), (188 bytes).
    Removing ff.o(i.get_fileinfo), (182 bytes).
    Removing ff.o(i.get_ldnumber), (60 bytes).
    Removing ff.o(i.inc_lock), (148 bytes).
    Removing ff.o(i.ld_clust), (22 bytes).
    Removing ff.o(i.mem_cpy), (16 bytes).
    Removing ff.o(i.mem_set), (14 bytes).
    Removing ff.o(i.move_window), (56 bytes).
    Removing ff.o(i.put_fat), (238 bytes).
    Removing ff.o(i.putc_bfd), (58 bytes).
    Removing ff.o(i.remove_chain), (102 bytes).
    Removing ff.o(i.st_clust), (16 bytes).
    Removing ff.o(i.sum_sfn), (26 bytes).
    Removing ff.o(i.sync_fs), (168 bytes).
    Removing ff.o(i.sync_window), (82 bytes).
    Removing ff.o(i.validate), (38 bytes).
    Removing ff.o(.bss), (138 bytes).
    Removing ff.o(.constdata), (186 bytes).
    Removing ff.o(.data), (12 bytes).
    Removing ccsbcs.o(i.ff_convert), (56 bytes).
    Removing ccsbcs.o(i.ff_wtoupper), (36 bytes).
    Removing ccsbcs.o(.constdata), (1216 bytes).
    Removing fadd.o(.text), (176 bytes).
    Removing dadd.o(.text), (332 bytes).
    Removing dmul.o(.text), (224 bytes).
    Removing ddiv.o(.text), (222 bytes).
    Removing ffltui.o(.text), (10 bytes).
    Removing dfltui.o(.text), (26 bytes).
    Removing dfixui.o(.text), (46 bytes).
    Removing f2d.o(.text), (44 bytes).
    Removing cfcmple.o(.text), (20 bytes).
    Removing cfrcmple.o(.text), (20 bytes).
    Removing fepilogue.o(.text), (108 bytes).
    Removing depilogue.o(.text), (190 bytes).
    Removing dfixul.o(.text), (48 bytes).
    Removing cdrcmple.o(.text), (40 bytes).

822 unused section(s) (total 110522 bytes) removed from the image.

==============================================================================

Image Symbol Table

    Local Symbols

    Symbol Name                              Value     Ov Type        Size  Object(Section)

    ../../microlib/ctype/ctype.c             0x00000000   Number         0  ispunct_o.o ABSOLUTE
    ../../microlib/ctype/ctype.c             0x00000000   Number         0  isprint_o.o ABSOLUTE
    ../../microlib/ctype/ctype.c             0x00000000   Number         0  islower_o.o ABSOLUTE
    ../../microlib/ctype/ctype.c             0x00000000   Number         0  isgraph_o.o ABSOLUTE
    ../../microlib/ctype/ctype.c             0x00000000   Number         0  isdigit_o.o ABSOLUTE
    ../../microlib/ctype/ctype.c             0x00000000   Number         0  iscntrl_o.o ABSOLUTE
    ../../microlib/ctype/ctype.c             0x00000000   Number         0  isblank_o.o ABSOLUTE
    ../../microlib/ctype/ctype.c             0x00000000   Number         0  isalpha_o.o ABSOLUTE
    ../../microlib/ctype/ctype.c             0x00000000   Number         0  isalnum_o.o ABSOLUTE
    ../../microlib/ctype/ctype.c             0x00000000   Number         0  ctype_o.o ABSOLUTE
    ../../microlib/ctype/ctype.c             0x00000000   Number         0  isupper_o.o ABSOLUTE
    ../../microlib/ctype/ctype.c             0x00000000   Number         0  isxdigit_o.o ABSOLUTE
    ../../microlib/ctype/ctype.c             0x00000000   Number         0  isspace_o.o ABSOLUTE
    ../../microlib/division.c                0x00000000   Number         0  uidiv.o ABSOLUTE
    ../../microlib/division.c                0x00000000   Number         0  uldiv.o ABSOLUTE
    ../../microlib/errno.c                   0x00000000   Number         0  errno.o ABSOLUTE
    ../../microlib/f2d.c                     0x00000000   Number         0  f2d.o ABSOLUTE
    ../../microlib/fpadd.c                   0x00000000   Number         0  dadd.o ABSOLUTE
    ../../microlib/fpadd.c                   0x00000000   Number         0  fadd.o ABSOLUTE
    ../../microlib/fpdiv.c                   0x00000000   Number         0  ddiv.o ABSOLUTE
    ../../microlib/fpepilogue.c              0x00000000   Number         0  fepilogue.o ABSOLUTE
    ../../microlib/fpepilogue.c              0x00000000   Number         0  depilogue.o ABSOLUTE
    ../../microlib/fpfix.c                   0x00000000   Number         0  dfixui.o ABSOLUTE
    ../../microlib/fpfix.c                   0x00000000   Number         0  dfixul.o ABSOLUTE
    ../../microlib/fpflt.c                   0x00000000   Number         0  dfltui.o ABSOLUTE
    ../../microlib/fpflt.c                   0x00000000   Number         0  ffltui.o ABSOLUTE
    ../../microlib/fpmul.c                   0x00000000   Number         0  dmul.o ABSOLUTE
    ../../microlib/init/entry.s              0x00000000   Number         0  entry8.o ABSOLUTE
    ../../microlib/init/entry.s              0x00000000   Number         0  entry7b.o ABSOLUTE
    ../../microlib/init/entry.s              0x00000000   Number         0  entry7a.o ABSOLUTE
    ../../microlib/init/entry.s              0x00000000   Number         0  entry5.o ABSOLUTE
    ../../microlib/init/entry.s              0x00000000   Number         0  entry2.o ABSOLUTE
    ../../microlib/init/entry.s              0x00000000   Number         0  entry.o ABSOLUTE
    ../../microlib/longlong.c                0x00000000   Number         0  llsshr.o ABSOLUTE
    ../../microlib/longlong.c                0x00000000   Number         0  llshl.o ABSOLUTE
    ../../microlib/longlong.c                0x00000000   Number         0  llushr.o ABSOLUTE
    ../../microlib/printf/printf.c           0x00000000   Number         0  printf7.o ABSOLUTE
    ../../microlib/printf/printf.c           0x00000000   Number         0  printf6.o ABSOLUTE
    ../../microlib/printf/printf.c           0x00000000   Number         0  printf5.o ABSOLUTE
    ../../microlib/printf/printf.c           0x00000000   Number         0  printf4.o ABSOLUTE
    ../../microlib/printf/printf.c           0x00000000   Number         0  printf3.o ABSOLUTE
    ../../microlib/printf/printf.c           0x00000000   Number         0  printf2.o ABSOLUTE
    ../../microlib/printf/printf.c           0x00000000   Number         0  printf1.o ABSOLUTE
    ../../microlib/printf/printf.c           0x00000000   Number         0  printf0.o ABSOLUTE
    ../../microlib/printf/printf.c           0x00000000   Number         0  printfb.o ABSOLUTE
    ../../microlib/printf/printf.c           0x00000000   Number         0  printf8.o ABSOLUTE
    ../../microlib/printf/printf.c           0x00000000   Number         0  printfa.o ABSOLUTE
    ../../microlib/printf/stubs.s            0x00000000   Number         0  stubs.o ABSOLUTE
    ../../microlib/stdio/streams.c           0x00000000   Number         0  stdout.o ABSOLUTE
    ../../microlib/string/memcpy.c           0x00000000   Number         0  memcpyb.o ABSOLUTE
    ../../microlib/string/memcpy.c           0x00000000   Number         0  memcpya.o ABSOLUTE
    ../../microlib/string/memset.c           0x00000000   Number         0  memseta.o ABSOLUTE
    ../../microlib/string/strlen.c           0x00000000   Number         0  strlen.o ABSOLUTE
    ../../microlib/string/strncpy.c          0x00000000   Number         0  strncpy.o ABSOLUTE
    ../../microlib/string/strrchr.c          0x00000000   Number         0  strrchr.o ABSOLUTE
    ../../microlib/string/strstr.c           0x00000000   Number         0  strstr.o ABSOLUTE
    ../../microlib/stubs.s                   0x00000000   Number         0  iusefp.o ABSOLUTE
    ../../scanf.c                            0x00000000   Number         0  _chval.o ABSOLUTE
    ../../scanf.c                            0x00000000   Number         0  strtol.o ABSOLUTE
    ../../scanf.c                            0x00000000   Number         0  _strtoul.o ABSOLUTE
    ..\Component\FatFs\option\ccsbcs.c       0x00000000   Number         0  ccsbcs.o ABSOLUTE
    ..\Component\FatFs\src\diskio.c          0x00000000   Number         0  diskio.o ABSOLUTE
    ..\Component\FatFs\src\fatfs_demo.c      0x00000000   Number         0  fatfs_demo.o ABSOLUTE
    ..\Component\FatFs\src\ff.c              0x00000000   Number         0  ff.o ABSOLUTE
    ..\Component\SFUD-master\others\bsp.c    0x00000000   Number         0  bsp.o ABSOLUTE
    ..\Component\SFUD-master\others\sfud_demo.c 0x00000000   Number         0  sfud_demo.o ABSOLUTE
    ..\Component\SFUD-master\sfud\port\sfud_port.c 0x00000000   Number         0  sfud_port.o ABSOLUTE
    ..\Component\SFUD-master\sfud\src\sfud.c 0x00000000   Number         0  sfud.o ABSOLUTE
    ..\Component\SFUD-master\sfud\src\sfud_sfdp.c 0x00000000   Number         0  sfud_sfdp.o ABSOLUTE
    ..\Component\USB\LIB\src\disk_image.c    0x00000000   Number         0  disk_image.o ABSOLUTE
    ..\Component\USB\LIB\src\hw_config.c     0x00000000   Number         0  hw_config.o ABSOLUTE
    ..\Component\USB\LIB\src\mass_mal.c      0x00000000   Number         0  mass_mal.o ABSOLUTE
    ..\Component\USB\LIB\src\memory.c        0x00000000   Number         0  memory.o ABSOLUTE
    ..\Component\USB\LIB\src\scsi_data.c     0x00000000   Number         0  scsi_data.o ABSOLUTE
    ..\Component\USB\LIB\src\usb_bot.c       0x00000000   Number         0  usb_bot.o ABSOLUTE
    ..\Component\USB\LIB\src\usb_desc.c      0x00000000   Number         0  usb_desc.o ABSOLUTE
    ..\Component\USB\LIB\src\usb_endp.c      0x00000000   Number         0  usb_endp.o ABSOLUTE
    ..\Component\USB\LIB\src\usb_istr.c      0x00000000   Number         0  usb_istr.o ABSOLUTE
    ..\Component\USB\LIB\src\usb_prop.c      0x00000000   Number         0  usb_prop.o ABSOLUTE
    ..\Component\USB\LIB\src\usb_pwr.c       0x00000000   Number         0  usb_pwr.o ABSOLUTE
    ..\Component\USB\LIB\src\usb_scsi.c      0x00000000   Number         0  usb_scsi.o ABSOLUTE
    ..\Component\USB\UsbApp\UsbApp.c         0x00000000   Number         0  usbapp.o ABSOLUTE
    ..\Component\USB\Usb_LIB\src\usb_core.c  0x00000000   Number         0  usb_core.o ABSOLUTE
    ..\Component\USB\Usb_LIB\src\usb_init.c  0x00000000   Number         0  usb_init.o ABSOLUTE
    ..\Component\USB\Usb_LIB\src\usb_int.c   0x00000000   Number         0  usb_int.o ABSOLUTE
    ..\Component\USB\Usb_LIB\src\usb_mem.c   0x00000000   Number         0  usb_mem.o ABSOLUTE
    ..\Component\USB\Usb_LIB\src\usb_regs.c  0x00000000   Number         0  usb_regs.o ABSOLUTE
    ..\Component\USB\Usb_LIB\src\usb_sil.c   0x00000000   Number         0  usb_sil.o ABSOLUTE
    ..\Driver\src\DHT11.c                    0x00000000   Number         0  dht11.o ABSOLUTE
    ..\Driver\src\F10X_Flash_If.c            0x00000000   Number         0  f10x_flash_if.o ABSOLUTE
    ..\Driver\src\Key_Drv.c                  0x00000000   Number         0  key_drv.o ABSOLUTE
    ..\Driver\src\LCD1602_Drv.c              0x00000000   Number         0  lcd1602_drv.o ABSOLUTE
    ..\Driver\src\LED_Drv.c                  0x00000000   Number         0  led_drv.o ABSOLUTE
    ..\Driver\src\PM25Sensor.c               0x00000000   Number         0  pm25sensor.o ABSOLUTE
    ..\Driver\src\TimerManager.c             0x00000000   Number         0  timermanager.o ABSOLUTE
    ..\Driver\src\Uart_Drv.c                 0x00000000   Number         0  uart_drv.o ABSOLUTE
    ..\Driver\src\delay.c                    0x00000000   Number         0  delay.o ABSOLUTE
    ..\Driver\src\my_debug.c                 0x00000000   Number         0  my_debug.o ABSOLUTE
    ..\Driver\src\rom_flash_interface.c      0x00000000   Number         0  rom_flash_interface.o ABSOLUTE
    ..\Driver\src\sd_card_interface.c        0x00000000   Number         0  sd_card_interface.o ABSOLUTE
    ..\Driver\src\spi_flash_interface.c      0x00000000   Number         0  spi_flash_interface.o ABSOLUTE
    ..\Driver\src\stm32f1_temp_sensor.c      0x00000000   Number         0  stm32f1_temp_sensor.o ABSOLUTE
    ..\Driver\src\uart_queue.c               0x00000000   Number         0  uart_queue.o ABSOLUTE
    ..\Library\src\misc.c                    0x00000000   Number         0  misc.o ABSOLUTE
    ..\Library\src\stm32f10x_adc.c           0x00000000   Number         0  stm32f10x_adc.o ABSOLUTE
    ..\Library\src\stm32f10x_bkp.c           0x00000000   Number         0  stm32f10x_bkp.o ABSOLUTE
    ..\Library\src\stm32f10x_can.c           0x00000000   Number         0  stm32f10x_can.o ABSOLUTE
    ..\Library\src\stm32f10x_cec.c           0x00000000   Number         0  stm32f10x_cec.o ABSOLUTE
    ..\Library\src\stm32f10x_crc.c           0x00000000   Number         0  stm32f10x_crc.o ABSOLUTE
    ..\Library\src\stm32f10x_dac.c           0x00000000   Number         0  stm32f10x_dac.o ABSOLUTE
    ..\Library\src\stm32f10x_dma.c           0x00000000   Number         0  stm32f10x_dma.o ABSOLUTE
    ..\Library\src\stm32f10x_flash.c         0x00000000   Number         0  stm32f10x_flash.o ABSOLUTE
    ..\Library\src\stm32f10x_fsmc.c          0x00000000   Number         0  stm32f10x_fsmc.o ABSOLUTE
    ..\Library\src\stm32f10x_gpio.c          0x00000000   Number         0  stm32f10x_gpio.o ABSOLUTE
    ..\Library\src\stm32f10x_iwdg.c          0x00000000   Number         0  stm32f10x_iwdg.o ABSOLUTE
    ..\Library\src\stm32f10x_pwr.c           0x00000000   Number         0  stm32f10x_pwr.o ABSOLUTE
    ..\Library\src\stm32f10x_rcc.c           0x00000000   Number         0  stm32f10x_rcc.o ABSOLUTE
    ..\Library\src\stm32f10x_spi.c           0x00000000   Number         0  stm32f10x_spi.o ABSOLUTE
    ..\Library\src\stm32f10x_tim.c           0x00000000   Number         0  stm32f10x_tim.o ABSOLUTE
    ..\Library\src\stm32f10x_usart.c         0x00000000   Number         0  stm32f10x_usart.o ABSOLUTE
    ..\OS\src\os_global.c                    0x00000000   Number         0  os_global.o ABSOLUTE
    ..\OS\src\os_timer.c                     0x00000000   Number         0  os_timer.o ABSOLUTE
    ..\System\CMSIS\core_cm3.c               0x00000000   Number         0  core_cm3.o ABSOLUTE
    ..\System\CMSIS\system_stm32f10x.c       0x00000000   Number         0  system_stm32f10x.o ABSOLUTE
    ..\System\startup\startup_stm32f10x_md.s 0x00000000   Number         0  startup_stm32f10x_md.o ABSOLUTE
    ..\User\src\Application.c                0x00000000   Number         0  application.o ABSOLUTE
    ..\User\src\SDRR.c                       0x00000000   Number         0  sdrr.o ABSOLUTE
    ..\User\src\main.c                       0x00000000   Number         0  main.o ABSOLUTE
    ..\User\src\stm32f10x_it.c               0x00000000   Number         0  stm32f10x_it.o ABSOLUTE
    ..\\System\\CMSIS\\core_cm3.c            0x00000000   Number         0  core_cm3.o ABSOLUTE
    cdrcmple.s                               0x00000000   Number         0  cdrcmple.o ABSOLUTE
    cfcmple.s                                0x00000000   Number         0  cfcmple.o ABSOLUTE
    cfrcmple.s                               0x00000000   Number         0  cfrcmple.o ABSOLUTE
    dc.s                                     0x00000000   Number         0  dc.o ABSOLUTE
    handlers.s                               0x00000000   Number         0  handlers.o ABSOLUTE
    init.s                                   0x00000000   Number         0  init.o ABSOLUTE
    RESET                                    0x08004000   Section      236  startup_stm32f10x_md.o(RESET)
    .ARM.Collect$$$$00000000                 0x080040ec   Section        0  entry.o(.ARM.Collect$$$$00000000)
    .ARM.Collect$$$$00000001                 0x080040ec   Section        4  entry2.o(.ARM.Collect$$$$00000001)
    .ARM.Collect$$$$00000004                 0x080040f0   Section        4  entry5.o(.ARM.Collect$$$$00000004)
    .ARM.Collect$$$$00000008                 0x080040f4   Section        0  entry7b.o(.ARM.Collect$$$$00000008)
    .ARM.Collect$$$$00000009                 0x080040f4   Section        8  entry8.o(.ARM.Collect$$$$00000009)
    .ARM.Collect$$$$00002712                 0x080040fc   Section        4  entry2.o(.ARM.Collect$$$$00002712)
    __lit__00000000                          0x080040fc   Data           4  entry2.o(.ARM.Collect$$$$00002712)
    .text                                    0x08004100   Section       36  startup_stm32f10x_md.o(.text)
    .text                                    0x08004124   Section        0  uldiv.o(.text)
    .text                                    0x08004186   Section        0  llshl.o(.text)
    .text                                    0x080041a4   Section        0  llushr.o(.text)
    .text                                    0x080041c4   Section       36  init.o(.text)
    i.BusFault_Handler                       0x080041e8   Section        0  stm32f10x_it.o(i.BusFault_Handler)
    i.DebugMon_Handler                       0x080041ea   Section        0  stm32f10x_it.o(i.DebugMon_Handler)
    i.HCHO_CheckSum                          0x080041ec   Section        0  pm25sensor.o(i.HCHO_CheckSum)
    i.HCHO_Receive                           0x08004218   Section        0  pm25sensor.o(i.HCHO_Receive)
    i.HCHO_UART_IRQHandler                   0x0800425c   Section        0  pm25sensor.o(i.HCHO_UART_IRQHandler)
    i.HardFault_Handler                      0x080042dc   Section        0  stm32f10x_it.o(i.HardFault_Handler)
    i.MemManage_Handler                      0x080042de   Section        0  stm32f10x_it.o(i.MemManage_Handler)
    i.NMI_Handler                            0x080042e0   Section        0  stm32f10x_it.o(i.NMI_Handler)
    i.OS_GetSysTick                          0x080042e4   Section        0  timermanager.o(i.OS_GetSysTick)
    i.OS_TimerStart                          0x080042f0   Section        0  os_timer.o(i.OS_TimerStart)
    i.PM25_Receive                           0x08004320   Section        0  pm25sensor.o(i.PM25_Receive)
    i.PM25_UART_IRQHandler                   0x0800439c   Section        0  pm25sensor.o(i.PM25_UART_IRQHandler)
    i.PendSV_Handler                         0x08004418   Section        0  stm32f10x_it.o(i.PendSV_Handler)
    i.Queue_UART_IRQHandler                  0x0800441c   Section        0  uart_queue.o(i.Queue_UART_IRQHandler)
    i.SVC_Handler                            0x080044a4   Section        0  stm32f10x_it.o(i.SVC_Handler)
    i.SetSysClockTo72                        0x080044a8   Section        0  system_stm32f10x.o(i.SetSysClockTo72)
    SetSysClockTo72                          0x080044a9   Thumb Code   138  system_stm32f10x.o(i.SetSysClockTo72)
    i.SysTick_Handler                        0x0800453c   Section        0  stm32f10x_it.o(i.SysTick_Handler)
    i.SystemInit                             0x08004540   Section        0  system_stm32f10x.o(i.SystemInit)
    i.USART1_IRQHandler                      0x08004590   Section        0  uart_drv.o(i.USART1_IRQHandler)
    i.USART2_IRQHandler                      0x08004594   Section        0  uart_drv.o(i.USART2_IRQHandler)
    i.USART3_IRQHandler                      0x08004598   Section        0  uart_drv.o(i.USART3_IRQHandler)
    i.USART_ClearFlag                        0x0800459c   Section        0  stm32f10x_usart.o(i.USART_ClearFlag)
    i.USART_GetITStatus                      0x0800463c   Section        0  stm32f10x_usart.o(i.USART_GetITStatus)
    i.USART_ITConfig                         0x08004750   Section        0  stm32f10x_usart.o(i.USART_ITConfig)
    i.USART_ReceiveData                      0x08004858   Section        0  stm32f10x_usart.o(i.USART_ReceiveData)
    i.USART_SendData                         0x080048c4   Section        0  stm32f10x_usart.o(i.USART_SendData)
    i.USB_HP_CAN1_TX_IRQHandler              0x08004944   Section        0  stm32f10x_it.o(i.USB_HP_CAN1_TX_IRQHandler)
    i.USB_LP_CAN1_RX0_IRQHandler             0x08004946   Section        0  stm32f10x_it.o(i.USB_LP_CAN1_RX0_IRQHandler)
    i.Uart_DisableTxInterrupt                0x08004948   Section        0  uart_queue.o(i.Uart_DisableTxInterrupt)
    Uart_DisableTxInterrupt                  0x08004949   Thumb Code    40  uart_queue.o(i.Uart_DisableTxInterrupt)
    i.Uart_TxQueueOut                        0x08004974   Section        0  uart_queue.o(i.Uart_TxQueueOut)
    Uart_TxQueueOut                          0x08004975   Thumb Code    46  uart_queue.o(i.Uart_TxQueueOut)
    i.UsageFault_Handler                     0x080049ac   Section        0  stm32f10x_it.o(i.UsageFault_Handler)
    i.__0printf$8                            0x080049b0   Section        0  printf8.o(i.__0printf$8)
    i.__scatterload_copy                     0x080049d0   Section       14  handlers.o(i.__scatterload_copy)
    i.__scatterload_null                     0x080049de   Section        2  handlers.o(i.__scatterload_null)
    i.__scatterload_zeroinit                 0x080049e0   Section       14  handlers.o(i.__scatterload_zeroinit)
    i._printf_core                           0x080049f0   Section        0  printf8.o(i._printf_core)
    _printf_core                             0x080049f1   Thumb Code  1010  printf8.o(i._printf_core)
    i._printf_post_padding                   0x08004e10   Section        0  printf8.o(i._printf_post_padding)
    _printf_post_padding                     0x08004e11   Thumb Code    38  printf8.o(i._printf_post_padding)
    i._printf_pre_padding                    0x08004e36   Section        0  printf8.o(i._printf_pre_padding)
    _printf_pre_padding                      0x08004e37   Thumb Code    48  printf8.o(i._printf_pre_padding)
    i.assert_failed                          0x08004e68   Section        0  bsp.o(i.assert_failed)
    i.fputc                                  0x08004e90   Section        0  uart_drv.o(i.fputc)
    i.main                                   0x08004eac   Section        0  main.o(i.main)
    i.os_timer_arm                           0x08004eae   Section        0  os_timer.o(i.os_timer_arm)
    .data                                    0x20000000   Section        8  timermanager.o(.data)
    sSysTick                                 0x20000004   Data           4  timermanager.o(.data)
    .data                                    0x20000008   Section        8  os_timer.o(.data)
    head_handle                              0x20000008   Data           4  os_timer.o(.data)
    timer_tick                               0x2000000c   Data           4  os_timer.o(.data)
    .data                                    0x20000010   Section       33  pm25sensor.o(.data)
    rx_pm25                                  0x20000010   Data           1  pm25sensor.o(.data)
    is_using                                 0x20000011   Data           1  pm25sensor.o(.data)
    rx_count                                 0x20000012   Data           1  pm25sensor.o(.data)
    is_power_first                           0x20000013   Data           1  pm25sensor.o(.data)
    rx_hcho                                  0x20000014   Data           1  pm25sensor.o(.data)
    is_disp_hcho                             0x20000015   Data           1  pm25sensor.o(.data)
    last_pm25_val                            0x20000016   Data           1  pm25sensor.o(.data)
    last_hcho_val                            0x20000017   Data           1  pm25sensor.o(.data)
    is_rx_hcho_first_time                    0x20000018   Data           1  pm25sensor.o(.data)
    is_rx_pm25_first_time                    0x20000019   Data           1  pm25sensor.o(.data)
    new_ppb                                  0x2000001a   Data           2  pm25sensor.o(.data)
    aver_ppb                                 0x2000001c   Data           2  pm25sensor.o(.data)
    pm25_rx_buf_count                        0x2000001e   Data           2  pm25sensor.o(.data)
    hcho_rx_buf_count                        0x20000020   Data           2  pm25sensor.o(.data)
    mass_fraction                            0x20000022   Data           2  pm25sensor.o(.data)
    sec                                      0x20000024   Data           4  pm25sensor.o(.data)
    Cmd_Buf                                  0x20000028   Data           9  pm25sensor.o(.data)
    .data                                    0x20000034   Section       20  uart_queue.o(.data)
    TxSemaLock                               0x20000034   Data           1  uart_queue.o(.data)
    is_rx_flag                               0x20000036   Data           2  uart_queue.o(.data)
    Tx_Queue                                 0x20000038   Data           8  uart_queue.o(.data)
    Rx_Queue                                 0x20000040   Data           8  uart_queue.o(.data)
    .data                                    0x20000048   Section        4  stdout.o(.data)
    .bss                                     0x2000004c   Section      252  pm25sensor.o(.bss)
    tPM25                                    0x2000004c   Data          32  pm25sensor.o(.bss)
    hcho_ppb                                 0x2000006c   Data          36  pm25sensor.o(.bss)
    tTimerCalculator                         0x20000090   Data          28  pm25sensor.o(.bss)
    tTimerCheckPM25                          0x200000ac   Data          28  pm25sensor.o(.bss)
    Pm25_Rx_Buf                              0x200000c8   Data          64  pm25sensor.o(.bss)
    Hcho_Rx_Buf                              0x20000108   Data          64  pm25sensor.o(.bss)
    STACK                                    0x20000148   Section     1024  startup_stm32f10x_md.o(STACK)

    Global Symbols

    Symbol Name                              Value     Ov Type        Size  Object(Section)

    BuildAttributes$$THM_ISAv4$P$D$K$B$S$PE$A:L22UL41UL21$X:L11$S22US41US21$IEEE1$IW$USESV6$~STKCKD$USESV7$~SHL$OTIME$ROPI$EBA8$MICROLIB$REQ8$PRES8$EABIv2 0x00000000   Number         0  anon$$obj.o ABSOLUTE
    __ARM_use_no_argv                        0x00000000   Number         0  main.o ABSOLUTE
    _printf_a                                0x00000000   Number         0  stubs.o ABSOLUTE
    _printf_c                                0x00000000   Number         0  stubs.o ABSOLUTE
    _printf_charcount                        0x00000000   Number         0  stubs.o ABSOLUTE
    _printf_d                                0x00000000   Number         0  stubs.o ABSOLUTE
    _printf_e                                0x00000000   Number         0  stubs.o ABSOLUTE
    _printf_f                                0x00000000   Number         0  stubs.o ABSOLUTE
    _printf_flags                            0x00000000   Number         0  stubs.o ABSOLUTE
    _printf_fp_dec                           0x00000000   Number         0  stubs.o ABSOLUTE
    _printf_fp_hex                           0x00000000   Number         0  stubs.o ABSOLUTE
    _printf_g                                0x00000000   Number         0  stubs.o ABSOLUTE
    _printf_i                                0x00000000   Number         0  stubs.o ABSOLUTE
    _printf_int_dec                          0x00000000   Number         0  stubs.o ABSOLUTE
    _printf_l                                0x00000000   Number         0  stubs.o ABSOLUTE
    _printf_lc                               0x00000000   Number         0  stubs.o ABSOLUTE
    _printf_ll                               0x00000000   Number         0  stubs.o ABSOLUTE
    _printf_lld                              0x00000000   Number         0  stubs.o ABSOLUTE
    _printf_lli                              0x00000000   Number         0  stubs.o ABSOLUTE
    _printf_llo                              0x00000000   Number         0  stubs.o ABSOLUTE
    _printf_llu                              0x00000000   Number         0  stubs.o ABSOLUTE
    _printf_llx                              0x00000000   Number         0  stubs.o ABSOLUTE
    _printf_longlong_dec                     0x00000000   Number         0  stubs.o ABSOLUTE
    _printf_longlong_hex                     0x00000000   Number         0  stubs.o ABSOLUTE
    _printf_longlong_oct                     0x00000000   Number         0  stubs.o ABSOLUTE
    _printf_ls                               0x00000000   Number         0  stubs.o ABSOLUTE
    _printf_mbtowc                           0x00000000   Number         0  stubs.o ABSOLUTE
    _printf_n                                0x00000000   Number         0  stubs.o ABSOLUTE
    _printf_o                                0x00000000   Number         0  stubs.o ABSOLUTE
    _printf_p                                0x00000000   Number         0  stubs.o ABSOLUTE
    _printf_percent                          0x00000000   Number         0  stubs.o ABSOLUTE
    _printf_pre_padding                      0x00000000   Number         0  stubs.o ABSOLUTE
    _printf_return_value                     0x00000000   Number         0  stubs.o ABSOLUTE
    _printf_s                                0x00000000   Number         0  stubs.o ABSOLUTE
    _printf_sizespec                         0x00000000   Number         0  stubs.o ABSOLUTE
    _printf_str                              0x00000000   Number         0  stubs.o ABSOLUTE
    _printf_truncate_signed                  0x00000000   Number         0  stubs.o ABSOLUTE
    _printf_truncate_unsigned                0x00000000   Number         0  stubs.o ABSOLUTE
    _printf_u                                0x00000000   Number         0  stubs.o ABSOLUTE
    _printf_wc                               0x00000000   Number         0  stubs.o ABSOLUTE
    _printf_wctomb                           0x00000000   Number         0  stubs.o ABSOLUTE
    _printf_widthprec                        0x00000000   Number         0  stubs.o ABSOLUTE
    _printf_x                                0x00000000   Number         0  stubs.o ABSOLUTE
    __decompress                              - Undefined Weak Reference
    _clock_init                               - Undefined Weak Reference
    __Vectors_Size                           0x000000ec   Number         0  startup_stm32f10x_md.o ABSOLUTE
    __Vectors                                0x08004000   Data           4  startup_stm32f10x_md.o(RESET)
    __Vectors_End                            0x080040ec   Data           0  startup_stm32f10x_md.o(RESET)
    __main                                   0x080040ed   Thumb Code     0  entry.o(.ARM.Collect$$$$00000000)
    _main_stk                                0x080040ed   Thumb Code     0  entry2.o(.ARM.Collect$$$$00000001)
    _main_scatterload                        0x080040f1   Thumb Code     0  entry5.o(.ARM.Collect$$$$00000004)
    __main_after_scatterload                 0x080040f5   Thumb Code     0  entry5.o(.ARM.Collect$$$$00000004)
    _main_clock                              0x080040f5   Thumb Code     0  entry7b.o(.ARM.Collect$$$$00000008)
    _main_init                               0x080040f5   Thumb Code     0  entry8.o(.ARM.Collect$$$$00000009)
    Reset_Handler                            0x08004101   Thumb Code     8  startup_stm32f10x_md.o(.text)
    ADC1_2_IRQHandler                        0x0800411b   Thumb Code     0  startup_stm32f10x_md.o(.text)
    CAN1_RX1_IRQHandler                      0x0800411b   Thumb Code     0  startup_stm32f10x_md.o(.text)
    CAN1_SCE_IRQHandler                      0x0800411b   Thumb Code     0  startup_stm32f10x_md.o(.text)
    DMA1_Channel1_IRQHandler                 0x0800411b   Thumb Code     0  startup_stm32f10x_md.o(.text)
    DMA1_Channel2_IRQHandler                 0x0800411b   Thumb Code     0  startup_stm32f10x_md.o(.text)
    DMA1_Channel3_IRQHandler                 0x0800411b   Thumb Code     0  startup_stm32f10x_md.o(.text)
    DMA1_Channel4_IRQHandler                 0x0800411b   Thumb Code     0  startup_stm32f10x_md.o(.text)
    DMA1_Channel5_IRQHandler                 0x0800411b   Thumb Code     0  startup_stm32f10x_md.o(.text)
    DMA1_Channel6_IRQHandler                 0x0800411b   Thumb Code     0  startup_stm32f10x_md.o(.text)
    DMA1_Channel7_IRQHandler                 0x0800411b   Thumb Code     0  startup_stm32f10x_md.o(.text)
    EXTI0_IRQHandler                         0x0800411b   Thumb Code     0  startup_stm32f10x_md.o(.text)
    EXTI15_10_IRQHandler                     0x0800411b   Thumb Code     0  startup_stm32f10x_md.o(.text)
    EXTI1_IRQHandler                         0x0800411b   Thumb Code     0  startup_stm32f10x_md.o(.text)
    EXTI2_IRQHandler                         0x0800411b   Thumb Code     0  startup_stm32f10x_md.o(.text)
    EXTI3_IRQHandler                         0x0800411b   Thumb Code     0  startup_stm32f10x_md.o(.text)
    EXTI4_IRQHandler                         0x0800411b   Thumb Code     0  startup_stm32f10x_md.o(.text)
    EXTI9_5_IRQHandler                       0x0800411b   Thumb Code     0  startup_stm32f10x_md.o(.text)
    FLASH_IRQHandler                         0x0800411b   Thumb Code     0  startup_stm32f10x_md.o(.text)
    I2C1_ER_IRQHandler                       0x0800411b   Thumb Code     0  startup_stm32f10x_md.o(.text)
    I2C1_EV_IRQHandler                       0x0800411b   Thumb Code     0  startup_stm32f10x_md.o(.text)
    I2C2_ER_IRQHandler                       0x0800411b   Thumb Code     0  startup_stm32f10x_md.o(.text)
    I2C2_EV_IRQHandler                       0x0800411b   Thumb Code     0  startup_stm32f10x_md.o(.text)
    PVD_IRQHandler                           0x0800411b   Thumb Code     0  startup_stm32f10x_md.o(.text)
    RCC_IRQHandler                           0x0800411b   Thumb Code     0  startup_stm32f10x_md.o(.text)
    RTCAlarm_IRQHandler                      0x0800411b   Thumb Code     0  startup_stm32f10x_md.o(.text)
    RTC_IRQHandler                           0x0800411b   Thumb Code     0  startup_stm32f10x_md.o(.text)
    SPI1_IRQHandler                          0x0800411b   Thumb Code     0  startup_stm32f10x_md.o(.text)
    SPI2_IRQHandler                          0x0800411b   Thumb Code     0  startup_stm32f10x_md.o(.text)
    TAMPER_IRQHandler                        0x0800411b   Thumb Code     0  startup_stm32f10x_md.o(.text)
    TIM1_BRK_IRQHandler                      0x0800411b   Thumb Code     0  startup_stm32f10x_md.o(.text)
    TIM1_CC_IRQHandler                       0x0800411b   Thumb Code     0  startup_stm32f10x_md.o(.text)
    TIM1_TRG_COM_IRQHandler                  0x0800411b   Thumb Code     0  startup_stm32f10x_md.o(.text)
    TIM1_UP_IRQHandler                       0x0800411b   Thumb Code     0  startup_stm32f10x_md.o(.text)
    TIM2_IRQHandler                          0x0800411b   Thumb Code     0  startup_stm32f10x_md.o(.text)
    TIM3_IRQHandler                          0x0800411b   Thumb Code     0  startup_stm32f10x_md.o(.text)
    TIM4_IRQHandler                          0x0800411b   Thumb Code     0  startup_stm32f10x_md.o(.text)
    USBWakeUp_IRQHandler                     0x0800411b   Thumb Code     0  startup_stm32f10x_md.o(.text)
    WWDG_IRQHandler                          0x0800411b   Thumb Code     0  startup_stm32f10x_md.o(.text)
    __aeabi_uldivmod                         0x08004125   Thumb Code    98  uldiv.o(.text)
    __aeabi_llsl                             0x08004187   Thumb Code    30  llshl.o(.text)
    _ll_shift_l                              0x08004187   Thumb Code     0  llshl.o(.text)
    __aeabi_llsr                             0x080041a5   Thumb Code    32  llushr.o(.text)
    _ll_ushift_r                             0x080041a5   Thumb Code     0  llushr.o(.text)
    __scatterload                            0x080041c5   Thumb Code    28  init.o(.text)
    __scatterload_rt2                        0x080041c5   Thumb Code     0  init.o(.text)
    BusFault_Handler                         0x080041e9   Thumb Code     2  stm32f10x_it.o(i.BusFault_Handler)
    DebugMon_Handler                         0x080041eb   Thumb Code     2  stm32f10x_it.o(i.DebugMon_Handler)
    HCHO_CheckSum                            0x080041ed   Thumb Code    44  pm25sensor.o(i.HCHO_CheckSum)
    HCHO_Receive                             0x08004219   Thumb Code    58  pm25sensor.o(i.HCHO_Receive)
    HCHO_UART_IRQHandler                     0x0800425d   Thumb Code   114  pm25sensor.o(i.HCHO_UART_IRQHandler)
    HardFault_Handler                        0x080042dd   Thumb Code     2  stm32f10x_it.o(i.HardFault_Handler)
    MemManage_Handler                        0x080042df   Thumb Code     2  stm32f10x_it.o(i.MemManage_Handler)
    NMI_Handler                              0x080042e1   Thumb Code     2  stm32f10x_it.o(i.NMI_Handler)
    OS_GetSysTick                            0x080042e5   Thumb Code     6  timermanager.o(i.OS_GetSysTick)
    OS_TimerStart                            0x080042f1   Thumb Code    44  os_timer.o(i.OS_TimerStart)
    PM25_Receive                             0x08004321   Thumb Code   116  pm25sensor.o(i.PM25_Receive)
    PM25_UART_IRQHandler                     0x0800439d   Thumb Code   112  pm25sensor.o(i.PM25_UART_IRQHandler)
    PendSV_Handler                           0x08004419   Thumb Code     2  stm32f10x_it.o(i.PendSV_Handler)
    Queue_UART_IRQHandler                    0x0800441d   Thumb Code   126  uart_queue.o(i.Queue_UART_IRQHandler)
    SVC_Handler                              0x080044a5   Thumb Code     2  stm32f10x_it.o(i.SVC_Handler)
    SysTick_Handler                          0x0800453d   Thumb Code     2  stm32f10x_it.o(i.SysTick_Handler)
    SystemInit                               0x08004541   Thumb Code    64  system_stm32f10x.o(i.SystemInit)
    USART1_IRQHandler                        0x08004591   Thumb Code     4  uart_drv.o(i.USART1_IRQHandler)
    USART2_IRQHandler                        0x08004595   Thumb Code     4  uart_drv.o(i.USART2_IRQHandler)
    USART3_IRQHandler                        0x08004599   Thumb Code     4  uart_drv.o(i.USART3_IRQHandler)
    USART_ClearFlag                          0x0800459d   Thumb Code   102  stm32f10x_usart.o(i.USART_ClearFlag)
    USART_GetITStatus                        0x0800463d   Thumb Code   220  stm32f10x_usart.o(i.USART_GetITStatus)
    USART_ITConfig                           0x08004751   Thumb Code   208  stm32f10x_usart.o(i.USART_ITConfig)
    USART_ReceiveData                        0x08004859   Thumb Code    52  stm32f10x_usart.o(i.USART_ReceiveData)
    USART_SendData                           0x080048c5   Thumb Code    70  stm32f10x_usart.o(i.USART_SendData)
    USB_HP_CAN1_TX_IRQHandler                0x08004945   Thumb Code     2  stm32f10x_it.o(i.USB_HP_CAN1_TX_IRQHandler)
    USB_LP_CAN1_RX0_IRQHandler               0x08004947   Thumb Code     2  stm32f10x_it.o(i.USB_LP_CAN1_RX0_IRQHandler)
    UsageFault_Handler                       0x080049ad   Thumb Code     2  stm32f10x_it.o(i.UsageFault_Handler)
    __0printf$8                              0x080049b1   Thumb Code    22  printf8.o(i.__0printf$8)
    __1printf$8                              0x080049b1   Thumb Code     0  printf8.o(i.__0printf$8)
    __2printf                                0x080049b1   Thumb Code     0  printf8.o(i.__0printf$8)
    __scatterload_copy                       0x080049d1   Thumb Code    14  handlers.o(i.__scatterload_copy)
    __scatterload_null                       0x080049df   Thumb Code     2  handlers.o(i.__scatterload_null)
    __scatterload_zeroinit                   0x080049e1   Thumb Code    14  handlers.o(i.__scatterload_zeroinit)
    assert_failed                            0x08004e69   Thumb Code    12  bsp.o(i.assert_failed)
    fputc                                    0x08004e91   Thumb Code    24  uart_drv.o(i.fputc)
    main                                     0x08004ead   Thumb Code     2  main.o(i.main)
    os_timer_arm                             0x08004eaf   Thumb Code    38  os_timer.o(i.os_timer_arm)
    Region$$Table$$Base                      0x08004ed4   Number         0  anon$$obj.o(Region$$Table)
    Region$$Table$$Limit                     0x08004ef4   Number         0  anon$$obj.o(Region$$Table)
    flag10ms                                 0x20000000   Data           1  timermanager.o(.data)
    __stdout                                 0x20000048   Data           4  stdout.o(.data)
    __initial_sp                             0x20000548   Data           0  startup_stm32f10x_md.o(STACK)



==============================================================================

Memory Map of the image

  Image Entry point : 0x080040ed

  Load Region LR_IROM1 (Base: 0x08004000, Size: 0x00000f40, Max: 0x00010000, ABSOLUTE)

    Execution Region ER_IROM1 (Base: 0x08004000, Size: 0x00000ef4, Max: 0x00010000, ABSOLUTE)

    Base Addr    Size         Type   Attr      Idx    E Section Name        Object

    0x08004000   0x000000ec   Data   RO         3630    RESET               startup_stm32f10x_md.o
    0x080040ec   0x00000000   Code   RO         5484  * .ARM.Collect$$$$00000000  mc_w.l(entry.o)
    0x080040ec   0x00000004   Code   RO         5786    .ARM.Collect$$$$00000001  mc_w.l(entry2.o)
    0x080040f0   0x00000004   Code   RO         5789    .ARM.Collect$$$$00000004  mc_w.l(entry5.o)
    0x080040f4   0x00000000   Code   RO         5791    .ARM.Collect$$$$00000008  mc_w.l(entry7b.o)
    0x080040f4   0x00000008   Code   RO         5792    .ARM.Collect$$$$00000009  mc_w.l(entry8.o)
    0x080040fc   0x00000004   Code   RO         5787    .ARM.Collect$$$$00002712  mc_w.l(entry2.o)
    0x08004100   0x00000024   Code   RO         3631    .text               startup_stm32f10x_md.o
    0x08004124   0x00000062   Code   RO         5487    .text               mc_w.l(uldiv.o)
    0x08004186   0x0000001e   Code   RO         5796    .text               mc_w.l(llshl.o)
    0x080041a4   0x00000020   Code   RO         5798    .text               mc_w.l(llushr.o)
    0x080041c4   0x00000024   Code   RO         5848    .text               mc_w.l(init.o)
    0x080041e8   0x00000002   Code   RO         2466    i.BusFault_Handler  stm32f10x_it.o
    0x080041ea   0x00000002   Code   RO         2467    i.DebugMon_Handler  stm32f10x_it.o
    0x080041ec   0x0000002c   Code   RO         2987    i.HCHO_CheckSum     pm25sensor.o
    0x08004218   0x00000044   Code   RO         2993    i.HCHO_Receive      pm25sensor.o
    0x0800425c   0x00000080   Code   RO         2997    i.HCHO_UART_IRQHandler  pm25sensor.o
    0x080042dc   0x00000002   Code   RO         2468    i.HardFault_Handler  stm32f10x_it.o
    0x080042de   0x00000002   Code   RO         2469    i.MemManage_Handler  stm32f10x_it.o
    0x080042e0   0x00000002   Code   RO         2470    i.NMI_Handler       stm32f10x_it.o
    0x080042e2   0x00000002   PAD
    0x080042e4   0x0000000c   Code   RO         2655    i.OS_GetSysTick     timermanager.o
    0x080042f0   0x00000030   Code   RO         2939    i.OS_TimerStart     os_timer.o
    0x08004320   0x0000007c   Code   RO         3005    i.PM25_Receive      pm25sensor.o
    0x0800439c   0x0000007c   Code   RO         3006    i.PM25_UART_IRQHandler  pm25sensor.o
    0x08004418   0x00000002   Code   RO         2471    i.PendSV_Handler    stm32f10x_it.o
    0x0800441a   0x00000002   PAD
    0x0800441c   0x00000088   Code   RO         3229    i.Queue_UART_IRQHandler  uart_queue.o
    0x080044a4   0x00000002   Code   RO         2472    i.SVC_Handler       stm32f10x_it.o
    0x080044a6   0x00000002   PAD
    0x080044a8   0x00000094   Code   RO         3599    i.SetSysClockTo72   system_stm32f10x.o
    0x0800453c   0x00000002   Code   RO         2473    i.SysTick_Handler   stm32f10x_it.o
    0x0800453e   0x00000002   PAD
    0x08004540   0x00000050   Code   RO         3601    i.SystemInit        system_stm32f10x.o
    0x08004590   0x00000004   Code   RO         3330    i.USART1_IRQHandler  uart_drv.o
    0x08004594   0x00000004   Code   RO         3332    i.USART2_IRQHandler  uart_drv.o
    0x08004598   0x00000004   Code   RO         3334    i.USART3_IRQHandler  uart_drv.o
    0x0800459c   0x000000a0   Code   RO          541    i.USART_ClearFlag   stm32f10x_usart.o
    0x0800463c   0x00000114   Code   RO          549    i.USART_GetITStatus  stm32f10x_usart.o
    0x08004750   0x00000108   Code   RO          551    i.USART_ITConfig    stm32f10x_usart.o
    0x08004858   0x0000006c   Code   RO          559    i.USART_ReceiveData  stm32f10x_usart.o
    0x080048c4   0x00000080   Code   RO          562    i.USART_SendData    stm32f10x_usart.o
    0x08004944   0x00000002   Code   RO         2474    i.USB_HP_CAN1_TX_IRQHandler  stm32f10x_it.o
    0x08004946   0x00000002   Code   RO         2475    i.USB_LP_CAN1_RX0_IRQHandler  stm32f10x_it.o
    0x08004948   0x0000002c   Code   RO         3232    i.Uart_DisableTxInterrupt  uart_queue.o
    0x08004974   0x00000038   Code   RO         3244    i.Uart_TxQueueOut   uart_queue.o
    0x080049ac   0x00000002   Code   RO         2476    i.UsageFault_Handler  stm32f10x_it.o
    0x080049ae   0x00000002   PAD
    0x080049b0   0x00000020   Code   RO         5710    i.__0printf$8       mc_w.l(printf8.o)
    0x080049d0   0x0000000e   Code   RO         5854    i.__scatterload_copy  mc_w.l(handlers.o)
    0x080049de   0x00000002   Code   RO         5855    i.__scatterload_null  mc_w.l(handlers.o)
    0x080049e0   0x0000000e   Code   RO         5856    i.__scatterload_zeroinit  mc_w.l(handlers.o)
    0x080049ee   0x00000002   PAD
    0x080049f0   0x00000420   Code   RO         5717    i._printf_core      mc_w.l(printf8.o)
    0x08004e10   0x00000026   Code   RO         5718    i._printf_post_padding  mc_w.l(printf8.o)
    0x08004e36   0x00000030   Code   RO         5719    i._printf_pre_padding  mc_w.l(printf8.o)
    0x08004e66   0x00000002   PAD
    0x08004e68   0x00000028   Code   RO         3635    i.assert_failed     bsp.o
    0x08004e90   0x0000001c   Code   RO         3336    i.fputc             uart_drv.o
    0x08004eac   0x00000002   Code   RO         2414    i.main              main.o
    0x08004eae   0x00000026   Code   RO         2942    i.os_timer_arm      os_timer.o
    0x08004ed4   0x00000020   Data   RO         5852    Region$$Table       anon$$obj.o


    Execution Region RW_IRAM1 (Base: 0x20000000, Size: 0x00000548, Max: 0x00005000, ABSOLUTE)

    Base Addr    Size         Type   Attr      Idx    E Section Name        Object

    0x20000000   0x00000008   Data   RW         2658    .data               timermanager.o
    0x20000008   0x00000008   Data   RW         2943    .data               os_timer.o
    0x20000010   0x00000021   Data   RW         3012    .data               pm25sensor.o
    0x20000031   0x00000003   PAD
    0x20000034   0x00000014   Data   RW         3246    .data               uart_queue.o
    0x20000048   0x00000004   Data   RW         5793    .data               mc_w.l(stdout.o)
    0x2000004c   0x000000fc   Zero   RW         3010    .bss                pm25sensor.o
    0x20000148   0x00000400   Zero   RW         3628    STACK               startup_stm32f10x_md.o


==============================================================================

Image component sizes


      Code (inc. data)   RO Data    RW Data    ZI Data      Debug   Object Name

         0          0          0          0          0       1032   application.o
        40         28          0          0          0        828   bsp.o
         0          0          0          0          0         32   core_cm3.o
         2          0          0          0          0       7877   main.o
         0          0          0          0          0     211844   misc.o
        86          4          0          8          0       1519   os_timer.o
       488         44          0         33        252       5692   pm25sensor.o
        36          8        236          0       1024        756   startup_stm32f10x_md.o
        22          0          0          0          0       4235   stm32f10x_it.o
       936        284          0          0          0       4832   stm32f10x_usart.o
       228         26          0          0          0       1429   system_stm32f10x.o
        12          6          0          8          0        943   timermanager.o
        40          4          0          0          0       1660   uart_drv.o
       236         24          0         20          0       2543   uart_queue.o

    ----------------------------------------------------------------------
      2136        428        268         72       1276     245222   Object Totals
         0          0         32          0          0          0   (incl. Generated)
        10          0          0          3          0          0   (incl. Padding)

    ----------------------------------------------------------------------

      Code (inc. data)   RO Data    RW Data    ZI Data      Debug   Library Member Name

         0          0          0          0          0          0   entry.o
         8          4          0          0          0          0   entry2.o
         4          0          0          0          0          0   entry5.o
         0          0          0          0          0          0   entry7b.o
         8          4          0          0          0          0   entry8.o
        30          0          0          0          0          0   handlers.o
        36          8          0          0          0         68   init.o
        30          0          0          0          0         68   llshl.o
        32          0          0          0          0         68   llushr.o
      1174         56          0          0          0        352   printf8.o
         0          0          0          4          0          0   stdout.o
        98          0          0          0          0         92   uldiv.o

    ----------------------------------------------------------------------
      1424         72          0          4          0        648   Library Totals
         4          0          0          0          0          0   (incl. Padding)

    ----------------------------------------------------------------------

      Code (inc. data)   RO Data    RW Data    ZI Data      Debug   Library Name

      1420         72          0          4          0        648   mc_w.l

    ----------------------------------------------------------------------
      1424         72          0          4          0        648   Library Totals

    ----------------------------------------------------------------------

==============================================================================


      Code (inc. data)   RO Data    RW Data    ZI Data      Debug   

      3560        500        268         76       1276     243842   Grand Totals
      3560        500        268         76       1276     243842   ELF Image Totals
      3560        500        268         76          0          0   ROM Totals

==============================================================================

    Total RO  Size (Code + RO Data)                 3828 (   3.74kB)
    Total RW  Size (RW Data + ZI Data)              1352 (   1.32kB)
    Total ROM Size (Code + RO Data + RW Data)       3904 (   3.81kB)

==============================================================================

