<html>
<body>
<pre>
<h1>µVision Build Log</h1>
<h2>Project:</h2>
I:\project\GitHub\OOPC\2-LW_OOPC-C8T6\Project\1_PM25Sensor_0221.uvproj
Project File Date:  07/19/2017

<h2>Output:</h2>
Build target 'Target 1'
compiling misc.c...
compiling stm32f10x_rcc.c...
compiling stm32f10x_gpio.c...
compiling stm32f10x_fsmc.c...
compiling stm32f10x_usart.c...
compiling stm32f10x_tim.c...
compiling stm32f10x_pwr.c...
compiling stm32f10x_flash.c...
compiling stm32f10x_iwdg.c...
compiling stm32f10x_spi.c...
compiling stm32f10x_adc.c...
compiling stm32f10x_bkp.c...
compiling stm32f10x_can.c...
compiling stm32f10x_cec.c...
compiling stm32f10x_crc.c...
compiling stm32f10x_dac.c...
compiling stm32f10x_dma.c...
compiling main.c...
compiling stm32f10x_it.c...
compiling Application.c...
..\User\src\Application.c(110): warning:  #177-D: function "Set_USBClock" was declared but never referenced
compiling TimerManager.c...
compiling SDRR.c...
compiling F10X_Flash_If.c...
compiling delay.c...
compiling LCD1602_Drv.c...
compiling my_debug.c...
compiling os_global.c...
compiling os_timer.c...
compiling PM25Sensor.c...
compiling Key_Drv.c...
compiling LED_Drv.c...
compiling uart_queue.c...
compiling Uart_Drv.c...
compiling rom_flash_interface.c...
compiling sd_card_interface.c...
compiling spi_flash_interface.c...
compiling DHT11.c...
compiling stm32f1_temp_sensor.c...
..\Driver\src\stm32f1_temp_sensor.c(120): warning:  #177-D: function "Get_Adc_Average" was declared but never referenced
compiling core_cm3.c...
compiling system_stm32f10x.c...
assembling startup_stm32f10x_md.s...
compiling bsp.c...
compiling sfud_port.c...
compiling sfud.c...
compiling sfud_sfdp.c...
compiling sfud_demo.c...
compiling UsbApp.c...
compiling disk_image.c...
compiling hw_config.c...
compiling mass_mal.c...
compiling memory.c...
compiling scsi_data.c...
compiling usb_bot.c...
compiling usb_desc.c...
compiling usb_endp.c...
compiling usb_istr.c...
compiling usb_prop.c...
compiling usb_pwr.c...
compiling usb_scsi.c...
compiling usb_core.c...
compiling usb_init.c...
compiling usb_int.c...
compiling usb_mem.c...
compiling usb_regs.c...
compiling usb_sil.c...
compiling diskio.c...
compiling fatfs_demo.c...
compiling ff.c...
compiling ccsbcs.c...
linking...
Program Size: Code=3644 RO-data=268 RW-data=76 ZI-data=1276  
FromELF: creating hex file...
".\Obj\1_PM25Sensor_0221.axf" - 0 Error(s), 2 Warning(s).
 
*** Rebuilding with Cross-Module Feedback:
Rebuild target 'Target 1'
compiling misc.c...
compiling stm32f10x_rcc.c...
compiling stm32f10x_gpio.c...
compiling stm32f10x_fsmc.c...
compiling stm32f10x_usart.c...
compiling stm32f10x_tim.c...
compiling stm32f10x_pwr.c...
compiling stm32f10x_flash.c...
compiling stm32f10x_iwdg.c...
compiling stm32f10x_spi.c...
compiling stm32f10x_adc.c...
compiling stm32f10x_bkp.c...
compiling stm32f10x_can.c...
compiling stm32f10x_cec.c...
compiling stm32f10x_crc.c...
compiling stm32f10x_dac.c...
compiling stm32f10x_dma.c...
compiling main.c...
compiling stm32f10x_it.c...
compiling Application.c...
compiling TimerManager.c...
compiling SDRR.c...
compiling F10X_Flash_If.c...
compiling delay.c...
compiling LCD1602_Drv.c...
compiling my_debug.c...
compiling os_global.c...
compiling os_timer.c...
compiling PM25Sensor.c...
compiling Key_Drv.c...
compiling LED_Drv.c...
compiling uart_queue.c...
compiling Uart_Drv.c...
compiling rom_flash_interface.c...
compiling sd_card_interface.c...
compiling spi_flash_interface.c...
compiling DHT11.c...
compiling stm32f1_temp_sensor.c...
..\Driver\src\stm32f1_temp_sensor.c(120): warning:  #177-D: function "Get_Adc_Average" was declared but never referenced
compiling core_cm3.c...
compiling system_stm32f10x.c...
assembling startup_stm32f10x_md.s...
compiling bsp.c...
compiling sfud_port.c...
compiling sfud.c...
compiling sfud_sfdp.c...
compiling sfud_demo.c...
compiling UsbApp.c...
compiling disk_image.c...
compiling hw_config.c...
compiling mass_mal.c...
compiling memory.c...
compiling scsi_data.c...
compiling usb_bot.c...
compiling usb_desc.c...
compiling usb_endp.c...
compiling usb_istr.c...
compiling usb_prop.c...
compiling usb_pwr.c...
compiling usb_scsi.c...
compiling usb_core.c...
compiling usb_init.c...
compiling usb_int.c...
compiling usb_mem.c...
compiling usb_regs.c...
compiling usb_sil.c...
compiling diskio.c...
compiling fatfs_demo.c...
compiling ff.c...
compiling ccsbcs.c...
linking...
Program Size: Code=3644 RO-data=268 RW-data=76 ZI-data=1276  
FromELF: creating hex file...
".\Obj\1_PM25Sensor_0221.axf" - 0 Error(s), 1 Warning(s).
Build target 'Target 1'
compiling main.c...
linking...
Program Size: Code=3568 RO-data=268 RW-data=76 ZI-data=1276  
FromELF: creating hex file...
".\Obj\1_PM25Sensor_0221.axf" - 0 Error(s), 0 Warning(s).
Build target 'Target 1'
linking...
Program Size: Code=3568 RO-data=268 RW-data=76 ZI-data=1276  
FromELF: creating hex file...
".\Obj\1_PM25Sensor_0221.axf" - 0 Error(s), 0 Warning(s).
Build target 'Target 1'
compiling stm32f10x_it.c...
linking...
Program Size: Code=3548 RO-data=268 RW-data=76 ZI-data=1276  
FromELF: creating hex file...
".\Obj\1_PM25Sensor_0221.axf" - 0 Error(s), 0 Warning(s).
Build target 'Target 1'
compiling misc.c...
compiling stm32f10x_rcc.c...
compiling stm32f10x_gpio.c...
compiling stm32f10x_fsmc.c...
compiling stm32f10x_usart.c...
compiling stm32f10x_tim.c...
compiling stm32f10x_pwr.c...
compiling stm32f10x_flash.c...
compiling stm32f10x_iwdg.c...
compiling stm32f10x_spi.c...
compiling stm32f10x_adc.c...
compiling stm32f10x_bkp.c...
compiling stm32f10x_can.c...
compiling stm32f10x_cec.c...
compiling stm32f10x_crc.c...
compiling stm32f10x_dac.c...
compiling stm32f10x_dma.c...
compiling main.c...
compiling stm32f10x_it.c...
compiling Application.c...
compiling TimerManager.c...
compiling SDRR.c...
compiling F10X_Flash_If.c...
compiling delay.c...
compiling LCD1602_Drv.c...
compiling my_debug.c...
compiling os_global.c...
compiling os_timer.c...
compiling PM25Sensor.c...
compiling Key_Drv.c...
compiling LED_Drv.c...
compiling uart_queue.c...
compiling Uart_Drv.c...
compiling rom_flash_interface.c...
compiling sd_card_interface.c...
compiling spi_flash_interface.c...
compiling DHT11.c...
compiling stm32f1_temp_sensor.c...
..\Driver\src\stm32f1_temp_sensor.c(120): warning:  #177-D: function "Get_Adc_Average" was declared but never referenced
compiling core_cm3.c...
compiling system_stm32f10x.c...
compiling bsp.c...
compiling sfud_port.c...
compiling sfud.c...
compiling sfud_sfdp.c...
compiling sfud_demo.c...
compiling UsbApp.c...
compiling disk_image.c...
compiling hw_config.c...
compiling mass_mal.c...
compiling memory.c...
compiling scsi_data.c...
compiling usb_bot.c...
compiling usb_desc.c...
compiling usb_endp.c...
compiling usb_istr.c...
compiling usb_prop.c...
compiling usb_pwr.c...
compiling usb_scsi.c...
compiling usb_core.c...
compiling usb_init.c...
compiling usb_int.c...
compiling usb_mem.c...
compiling usb_regs.c...
compiling usb_sil.c...
compiling diskio.c...
compiling fatfs_demo.c...
compiling ff.c...
compiling ccsbcs.c...
linking...
Program Size: Code=3580 RO-data=268 RW-data=76 ZI-data=1276  
FromELF: creating hex file...
".\Obj\1_PM25Sensor_0221.axf" - 0 Error(s), 1 Warning(s).
Build target 'Target 1'
compiling stm32f1_temp_sensor.c...
linking...
Program Size: Code=3580 RO-data=268 RW-data=76 ZI-data=1276  
FromELF: creating hex file...
".\Obj\1_PM25Sensor_0221.axf" - 0 Error(s), 0 Warning(s).
Build target 'Target 1'
compiling main.c...
compiling stm32f10x_it.c...
compiling Application.c...
compiling SDRR.c...
compiling F10X_Flash_If.c...
compiling LCD1602_Drv.c...
compiling my_debug.c...
compiling os_global.c...
compiling os_timer.c...
compiling PM25Sensor.c...
compiling Key_Drv.c...
compiling LED_Drv.c...
compiling uart_queue.c...
compiling Uart_Drv.c...
compiling rom_flash_interface.c...
compiling spi_flash_interface.c...
compiling DHT11.c...
compiling stm32f1_temp_sensor.c...
..\Driver\src\stm32f1_temp_sensor.c(141): warning:  #550-D: variable "aver_temp" was set but never used
compiling sfud_port.c...
compiling sfud_demo.c...
compiling UsbApp.c...
compiling hw_config.c...
compiling mass_mal.c...
compiling memory.c...
compiling usb_prop.c...
compiling usb_scsi.c...
compiling diskio.c...
compiling fatfs_demo.c...
..\Component\FatFs\src\fatfs_demo.c(120): warning:  #550-D: variable "res" was set but never used
..\Component\FatFs\src\fatfs_demo.c(152): warning:  #550-D: variable "result" was set but never used
linking...
Program Size: Code=3164 RO-data=268 RW-data=76 ZI-data=1276  
FromELF: creating hex file...
".\Obj\1_PM25Sensor_0221.axf" - 0 Error(s), 3 Warning(s).
Build target 'Target 1'
compiling Uart_Drv.c...
linking...
Program Size: Code=400 RO-data=268 RW-data=8 ZI-data=1024  
FromELF: creating hex file...
".\Obj\1_PM25Sensor_0221.axf" - 0 Error(s), 0 Warning(s).
Build target 'Target 1'
compiling stm32f10x_it.c...
linking...
Program Size: Code=400 RO-data=268 RW-data=8 ZI-data=1024  
FromELF: creating hex file...
".\Obj\1_PM25Sensor_0221.axf" - 0 Error(s), 0 Warning(s).
Build target 'Target 1'
compiling stm32f10x_it.c...
linking...
Program Size: Code=380 RO-data=252 RW-data=0 ZI-data=1024  
FromELF: creating hex file...
".\Obj\1_PM25Sensor_0221.axf" - 0 Error(s), 0 Warning(s).
Build target 'Target 1'
compiling main.c...
compiling stm32f10x_it.c...
compiling Application.c...
compiling SDRR.c...
compiling F10X_Flash_If.c...
compiling LCD1602_Drv.c...
compiling my_debug.c...
compiling os_global.c...
compiling os_timer.c...
compiling PM25Sensor.c...
compiling Key_Drv.c...
compiling LED_Drv.c...
compiling uart_queue.c...
compiling Uart_Drv.c...
compiling rom_flash_interface.c...
compiling spi_flash_interface.c...
compiling DHT11.c...
compiling stm32f1_temp_sensor.c...
compiling sfud_port.c...
compiling sfud_demo.c...
compiling UsbApp.c...
compiling hw_config.c...
compiling mass_mal.c...
compiling memory.c...
compiling usb_prop.c...
compiling usb_scsi.c...
compiling diskio.c...
compiling fatfs_demo.c...
linking...
Program Size: Code=3560 RO-data=268 RW-data=76 ZI-data=1276  
FromELF: creating hex file...
".\Obj\1_PM25Sensor_0221.axf" - 0 Error(s), 0 Warning(s).
